Component: ARM Compiler 5.06 update 4 (build 422) Tool: armlink [4d35d2]

==============================================================================

Section Cross References

    main.o(i.main) refers to sys.o(i.Cache_Enable) for Cache_Enable
    main.o(i.main) refers to stm32h7xx_hal.o(i.HAL_Init) for HAL_Init
    main.o(i.main) refers to sys.o(i.Stm32_Clock_Init) for Stm32_Clock_Init
    main.o(i.main) refers to delay.o(i.delay_init) for delay_init
    main.o(i.main) refers to usart.o(i.uart_init) for uart_init
    main.o(i.main) refers to led.o(i.LED_Init) for LED_Init
    main.o(i.main) refers to key.o(i.KEY_Init) for KEY_Init
    main.o(i.main) refers to timer.o(i.TIM3_Init) for TIM3_Init
    main.o(i.main) refers to fdcan.o(i.FDCAN1_Mode_Init) for FDCAN1_Mode_Init
    main.o(i.main) refers to lkmotor.o(i.get_position) for get_position
    main.o(i.main) refers to delay.o(i.delay_us) for delay_us
    main.o(i.main) refers to lkmotor.o(i.closed_loop_position) for closed_loop_position
    main.o(i.main) refers to kinematics.o(i.get_cable_length) for get_cable_length
    main.o(i.main) refers to key.o(i.KEY_Scan) for KEY_Scan
    main.o(i.main) refers to printfa.o(i.__0printf) for __2printf
    main.o(i.main) refers to stm32h7xx_hal_gpio.o(i.HAL_GPIO_TogglePin) for HAL_GPIO_TogglePin
    main.o(i.main) refers to main.o(.bss) for .bss
    main.o(i.main) refers to main.o(.constdata) for .constdata
    main.o(i.main) refers to usart.o(.data) for USART_RX_STA
    main.o(i.main) refers to usart.o(.bss) for USART_RX_BUF
    main.o(i.main) refers to main.o(.data) for .data
    main.o(i.main) refers to dfixl.o(.text) for __aeabi_d2lz
    main.o(i.main) refers to lkmotor.o(i.print_motor_msg) for print_motor_msg
    stm32h7xx_it.o(i.SysTick_Handler) refers to stm32h7xx_hal.o(i.HAL_IncTick) for HAL_IncTick
    system_stm32h7xx.o(i.SystemCoreClockUpdate) refers to system_stm32h7xx.o(.data) for .data
    system_stm32h7xx.o(i.SystemCoreClockUpdate) refers to system_stm32h7xx.o(.constdata) for .constdata
    startup_stm32h743xx.o(RESET) refers to startup_stm32h743xx.o(STACK) for __initial_sp
    startup_stm32h743xx.o(RESET) refers to startup_stm32h743xx.o(.text) for Reset_Handler
    startup_stm32h743xx.o(RESET) refers to stm32h7xx_it.o(i.NMI_Handler) for NMI_Handler
    startup_stm32h743xx.o(RESET) refers to stm32h7xx_it.o(i.HardFault_Handler) for HardFault_Handler
    startup_stm32h743xx.o(RESET) refers to stm32h7xx_it.o(i.BusFault_Handler) for BusFault_Handler
    startup_stm32h743xx.o(RESET) refers to stm32h7xx_it.o(i.UsageFault_Handler) for UsageFault_Handler
    startup_stm32h743xx.o(RESET) refers to stm32h7xx_it.o(i.SVC_Handler) for SVC_Handler
    startup_stm32h743xx.o(RESET) refers to stm32h7xx_it.o(i.DebugMon_Handler) for DebugMon_Handler
    startup_stm32h743xx.o(RESET) refers to stm32h7xx_it.o(i.PendSV_Handler) for PendSV_Handler
    startup_stm32h743xx.o(RESET) refers to stm32h7xx_it.o(i.SysTick_Handler) for SysTick_Handler
    startup_stm32h743xx.o(RESET) refers to fdcan.o(i.FDCAN1_IT0_IRQHandler) for FDCAN1_IT0_IRQHandler
    startup_stm32h743xx.o(RESET) refers to timer.o(i.TIM3_IRQHandler) for TIM3_IRQHandler
    startup_stm32h743xx.o(RESET) refers to usart.o(i.USART1_IRQHandler) for USART1_IRQHandler
    startup_stm32h743xx.o(.text) refers to system_stm32h7xx.o(i.SystemInit) for SystemInit
    startup_stm32h743xx.o(.text) refers to entry.o(.ARM.Collect$$$$00000000) for __main
    delay.o(i.delay_init) refers to stm32h7xx_hal_cortex.o(i.HAL_SYSTICK_CLKSourceConfig) for HAL_SYSTICK_CLKSourceConfig
    delay.o(i.delay_init) refers to delay.o(.data) for .data
    delay.o(i.delay_ms) refers to delay.o(i.delay_us) for delay_us
    delay.o(i.delay_us) refers to delay.o(.data) for .data
    sys.o(i.Stm32_Clock_Init) refers to stm32h7xx_hal_rcc.o(i.HAL_RCC_OscConfig) for HAL_RCC_OscConfig
    sys.o(i.Stm32_Clock_Init) refers to stm32h7xx_hal_rcc.o(i.HAL_RCC_ClockConfig) for HAL_RCC_ClockConfig
    sys.o(i.Stm32_Clock_Init) refers to stm32h7xx_hal.o(i.HAL_EnableCompensationCell) for HAL_EnableCompensationCell
    usart.o(i.HAL_UART_MspInit) refers to stm32h7xx_hal_gpio.o(i.HAL_GPIO_Init) for HAL_GPIO_Init
    usart.o(i.HAL_UART_MspInit) refers to stm32h7xx_hal_cortex.o(i.HAL_NVIC_EnableIRQ) for HAL_NVIC_EnableIRQ
    usart.o(i.HAL_UART_MspInit) refers to stm32h7xx_hal_cortex.o(i.HAL_NVIC_SetPriority) for HAL_NVIC_SetPriority
    usart.o(i.HAL_UART_RxCpltCallback) refers to usart.o(.data) for .data
    usart.o(i.HAL_UART_RxCpltCallback) refers to usart.o(.bss) for .bss
    usart.o(i.USART1_IRQHandler) refers to stm32h7xx_hal_uart.o(i.HAL_UART_IRQHandler) for HAL_UART_IRQHandler
    usart.o(i.USART1_IRQHandler) refers to stm32h7xx_hal_uart.o(i.HAL_UART_GetState) for HAL_UART_GetState
    usart.o(i.USART1_IRQHandler) refers to stm32h7xx_hal_uart.o(i.HAL_UART_Receive_IT) for HAL_UART_Receive_IT
[...]
    ..\\HALLIB\\STM32H7xx_HAL_Driver\\Src\\stm32h7xx_hal_tim.c 0x00000000   Number         0  stm32h7xx_hal_tim.o ABSOLUTE
    ..\\HALLIB\\STM32H7xx_HAL_Driver\\Src\\stm32h7xx_hal_tim_ex.c 0x00000000   Number         0  stm32h7xx_hal_tim_ex.o ABSOLUTE
    ..\\HALLIB\\STM32H7xx_HAL_Driver\\Src\\stm32h7xx_hal_uart.c 0x00000000   Number         0  stm32h7xx_hal_uart.o ABSOLUTE
    ..\\HALLIB\\STM32H7xx_HAL_Driver\\Src\\stm32h7xx_hal_uart_ex.c 0x00000000   Number         0  stm32h7xx_hal_uart_ex.o ABSOLUTE
    ..\\HALLIB\\STM32H7xx_HAL_Driver\\Src\\stm32h7xx_hal_usart.c 0x00000000   Number         0  stm32h7xx_hal_usart.o ABSOLUTE
    ..\\HALLIB\\STM32H7xx_HAL_Driver\\Src\\stm32h7xx_ll_fmc.c 0x00000000   Number         0  stm32h7xx_ll_fmc.o ABSOLUTE
    ..\\HARDWARE\\CONTROL\\Kinematics.c      0x00000000   Number         0  kinematics.o ABSOLUTE
    ..\\HARDWARE\\CONTROL\\lkmotor.c         0x00000000   Number         0  lkmotor.o ABSOLUTE
    ..\\HARDWARE\\FDCAN\\fdcan.c             0x00000000   Number         0  fdcan.o ABSOLUTE
    ..\\HARDWARE\\KEY\\key.c                 0x00000000   Number         0  key.o ABSOLUTE
    ..\\HARDWARE\\LED\\led.c                 0x00000000   Number         0  led.o ABSOLUTE
    ..\\HARDWARE\\TIMER\\timer.c             0x00000000   Number         0  timer.o ABSOLUTE
    ..\\SYSTEM\\delay\\delay.c               0x00000000   Number         0  delay.o ABSOLUTE
    ..\\SYSTEM\\sys\\sys.c                   0x00000000   Number         0  sys.o ABSOLUTE
    ..\\SYSTEM\\usart\\usart.c               0x00000000   Number         0  usart.o ABSOLUTE
    cdrcmple.s                               0x00000000   Number         0  cdrcmple.o ABSOLUTE
    dc.s                                     0x00000000   Number         0  dc.o ABSOLUTE
    handlers.s                               0x00000000   Number         0  handlers.o ABSOLUTE
    init.s                                   0x00000000   Number         0  init.o ABSOLUTE
    main.c                                   0x00000000   Number         0  main.o ABSOLUTE
    main.c                                   0x00000000   Number         0  main.o ABSOLUTE
    stm32h7xx_hal_msp.c                      0x00000000   Number         0  stm32h7xx_hal_msp.o ABSOLUTE
    stm32h7xx_hal_msp.c                      0x00000000   Number         0  stm32h7xx_hal_msp.o ABSOLUTE
    stm32h7xx_it.c                           0x00000000   Number         0  stm32h7xx_it.o ABSOLUTE
    stm32h7xx_it.c                           0x00000000   Number         0  stm32h7xx_it.o ABSOLUTE
    system_stm32h7xx.c                       0x00000000   Number         0  system_stm32h7xx.o ABSOLUTE
    system_stm32h7xx.c                       0x00000000   Number         0  system_stm32h7xx.o ABSOLUTE
    RESET                                    0x08000000   Section      664  startup_stm32h743xx.o(RESET)
    .ARM.Collect$$$$00000000                 0x08000298   Section        0  entry.o(.ARM.Collect$$$$00000000)
    .ARM.Collect$$$$00000001                 0x08000298   Section        4  entry2.o(.ARM.Collect$$$$00000001)
    .ARM.Collect$$$$00000004                 0x0800029c   Section        4  entry5.o(.ARM.Collect$$$$00000004)
    .ARM.Collect$$$$00000008                 0x080002a0   Section        0  entry7b.o(.ARM.Collect$$$$00000008)
    .ARM.Collect$$$$0000000A                 0x080002a0   Section        0  entry8b.o(.ARM.Collect$$$$0000000A)
    .ARM.Collect$$$$0000000B                 0x080002a0   Section        8  entry9a.o(.ARM.Collect$$$$0000000B)
    .ARM.Collect$$$$0000000D                 0x080002a8   Section        0  entry10a.o(.ARM.Collect$$$$0000000D)
    .ARM.Collect$$$$0000000F                 0x080002a8   Section        0  entry11a.o(.ARM.Collect$$$$0000000F)
    .ARM.Collect$$$$00002712                 0x080002a8   Section        4  entry2.o(.ARM.Collect$$$$00002712)
    __lit__00000000                          0x080002a8   Data           4  entry2.o(.ARM.Collect$$$$00002712)
    .text                                    0x080002ac   Section        0  uldiv.o(.text)
    .text                                    0x0800030e   Section        0  ffltl.o(.text)
    .text                                    0x0800033a   Section        0  llshl.o(.text)
    .text                                    0x08000358   Section        0  iusefp.o(.text)
    .text                                    0x08000358   Section        0  dmul.o(.text)
    .text                                    0x0800043c   Section        0  dfixul.o(.text)
    .text                                    0x0800046c   Section       36  init.o(.text)
    .text                                    0x08000490   Section        0  llsshr.o(.text)
    .text                                    0x080004b4   Section        0  depilogue.o(.text)
    i.Cache_Enable                           0x08000570   Section        0  sys.o(i.Cache_Enable)
    i.FDCAN1_IT0_IRQHandler                  0x080005f8   Section        0  fdcan.o(i.FDCAN1_IT0_IRQHandler)
    i.FDCAN1_Mode_Init                       0x08000604   Section        0  fdcan.o(i.FDCAN1_Mode_Init)
    i.FDCAN_CalcultateRamBlockAddresses      0x08000698   Section        0  stm32h7xx_hal_fdcan.o(i.FDCAN_CalcultateRamBlockAddresses)
    FDCAN_CalcultateRamBlockAddresses        0x08000699   Thumb Code   488  stm32h7xx_hal_fdcan.o(i.FDCAN_CalcultateRamBlockAddresses)
    i.FDCAN_CopyMessageToRAM                 0x08000888   Section        0  stm32h7xx_hal_fdcan.o(i.FDCAN_CopyMessageToRAM)
    FDCAN_CopyMessageToRAM                   0x08000889   Thumb Code   102  stm32h7xx_hal_fdcan.o(i.FDCAN_CopyMessageToRAM)
    i.HAL_EnableCompensationCell             0x080008f4   Section        0  stm32h7xx_hal.o(i.HAL_EnableCompensationCell)
    i.HAL_FDCAN_AddMessageToTxFifoQ          0x08000904   Section        0  stm32h7xx_hal_fdcan.o(i.HAL_FDCAN_AddMessageToTxFifoQ)
    i.HAL_FDCAN_DeInit                       0x0800095c   Section        0  stm32h7xx_hal_fdcan.o(i.HAL_FDCAN_DeInit)
    i.HAL_FDCAN_ErrorCallback                0x0800097c   Section        0  stm32h7xx_hal_fdcan.o(i.HAL_FDCAN_ErrorCallback)
    i.HAL_FDCAN_GetRxMessage                 0x08000980   Section        0  stm32h7xx_hal_fdcan.o(i.HAL_FDCAN_GetRxMessage)
    i.HAL_FDCAN_RxBufferNewMessageCallback   0x08000ac0   Section        0  stm32h7xx_hal_fdcan.o(i.HAL_FDCAN_RxBufferNewMessageCallback)
    i.HAL_FDCAN_Start                        0x08000ac2   Section        0  stm32h7xx_hal_fdcan.o(i.HAL_FDCAN_Start)
    i.HAL_FDCAN_Stop                         0x08000af4   Section        0  stm32h7xx_hal_fdcan.o(i.HAL_FDCAN_Stop)
    i.HAL_FDCAN_TT_GlobalTimeCallback        0x08000b50   Section        0  stm32h7xx_hal_fdcan.o(i.HAL_FDCAN_TT_GlobalTimeCallback)
    i.HAL_FDCAN_TT_StopWatchCallback         0x08000b52   Section        0  stm32h7xx_hal_fdcan.o(i.HAL_FDCAN_TT_StopWatchCallback)
    i.HAL_FDCAN_TimeoutOccurredCallback      0x08000b54   Section        0  stm32h7xx_hal_fdcan.o(i.HAL_FDCAN_TimeoutOccurredCallback)
    i.HAL_FDCAN_TxBufferAbortCallback        0x08000b56   Section        0  stm32h7xx_hal_fdcan.o(i.HAL_FDCAN_TxBufferAbortCallback)
    i.HAL_FDCAN_TxEventFifoCallback          0x08000b58   Section        0  stm32h7xx_hal_fdcan.o(i.HAL_FDCAN_TxEventFifoCallback)
    i.HAL_GPIO_WritePin                      0x08000b5a   Section        0  stm32h7xx_hal_gpio.o(i.HAL_GPIO_WritePin)
    i.HAL_GetTick                            0x08000b64   Section        0  stm32h7xx_hal.o(i.HAL_GetTick)
    i.HAL_InitTick                           0x08000b70   Section        0  stm32h7xx_hal.o(i.HAL_InitTick)
    i.HAL_NVIC_DisableIRQ                    0x08000bb0   Section        0  stm32h7xx_hal_cortex.o(i.HAL_NVIC_DisableIRQ)
    i.HAL_NVIC_EnableIRQ                     0x08000bd2   Section        0  stm32h7xx_hal_cortex.o(i.HAL_NVIC_EnableIRQ)
    i.HAL_RCCEx_GetD1SysClockFreq            0x08000bec   Section        0  stm32h7xx_hal_rcc_ex.o(i.HAL_RCCEx_GetD1SysClockFreq)
    i.HAL_RCCEx_GetD3PCLK1Freq               0x08000c20   Section        0  stm32h7xx_hal_rcc_ex.o(i.HAL_RCCEx_GetD3PCLK1Freq)
    i.HAL_RCCEx_GetPLL3ClockFreq             0x08000c4c   Section        0  stm32h7xx_hal_rcc_ex.o(i.HAL_RCCEx_GetPLL3ClockFreq)
    i.HAL_RCCEx_PeriphCLKConfig              0x08000d48   Section        0  stm32h7xx_hal_rcc_ex.o(i.HAL_RCCEx_PeriphCLKConfig)
    i.HAL_RCC_ClockConfig                    0x080015f8   Section        0  stm32h7xx_hal_rcc.o(i.HAL_RCC_ClockConfig)
    i.HAL_RCC_GetPCLK1Freq                   0x080017d0   Section        0  stm32h7xx_hal_rcc.o(i.HAL_RCC_GetPCLK1Freq)
    i.HAL_RCC_OscConfig                      0x080017fc   Section        0  stm32h7xx_hal_rcc.o(i.HAL_RCC_OscConfig)
    i.HAL_SYSTICK_Config                     0x08001c98   Section        0  stm32h7xx_hal_cortex.o(i.HAL_SYSTICK_Config)
    i.HAL_TIMEx_CommutationCallback          0x08001cc0   Section        0  stm32h7xx_hal_tim_ex.o(i.HAL_TIMEx_CommutationCallback)
    i.HAL_TIM_Base_MspInit                   0x08001cc4   Section        0  timer.o(i.HAL_TIM_Base_MspInit)
    i.HAL_TIM_Base_Start_IT                  0x08001d00   Section        0  stm32h7xx_hal_tim.o(i.HAL_TIM_Base_Start_IT)
    i.HAL_TIM_OC_DelayElapsedCallback        0x08001d18   Section        0  stm32h7xx_hal_tim.o(i.HAL_TIM_OC_DelayElapsedCallback)
    i.HAL_TIM_TriggerCallback                0x08001d1a   Section        0  stm32h7xx_hal_tim.o(i.HAL_TIM_TriggerCallback)
    i.HAL_UARTEx_WakeupCallback              0x08001d1c   Section        0  stm32h7xx_hal_uart_ex.o(i.HAL_UARTEx_WakeupCallback)
    i.HAL_UART_ErrorCallback                 0x08001d1e   Section        0  stm32h7xx_hal_uart.o(i.HAL_UART_ErrorCallback)
    i.HAL_UART_IRQHandler                    0x08001d20   Section        0  stm32h7xx_hal_uart.o(i.HAL_UART_IRQHandler)
    i.HAL_UART_MspInit                       0x08001ea0   Section        0  usart.o(i.HAL_UART_MspInit)
    i.HAL_UART_Receive_IT                    0x08001f20   Section        0  stm32h7xx_hal_uart.o(i.HAL_UART_Receive_IT)
    i.HAL_UART_RxCpltCallback                0x08001fc8   Section        0  usart.o(i.HAL_UART_RxCpltCallback)
    i.HardFault_Handler                      0x08002020   Section        0  stm32h7xx_it.o(i.HardFault_Handler)
    i.PendSV_Handler                         0x08002022   Section        0  stm32h7xx_it.o(i.PendSV_Handler)
    i.RCCEx_PLL2_Config                      0x08002024   Section        0  stm32h7xx_hal_rcc_ex.o(i.RCCEx_PLL2_Config)
    RCCEx_PLL2_Config                        0x08002025   Thumb Code   234  stm32h7xx_hal_rcc_ex.o(i.RCCEx_PLL2_Config)
    i.SysTick_Handler                        0x08002114   Section        0  stm32h7xx_it.o(i.SysTick_Handler)
    i.SystemInit                             0x08002118   Section        0  system_stm32h7xx.o(i.SystemInit)
    i.UART_AdvFeatureConfig                  0x0800219c   Section        0  stm32h7xx_hal_uart.o(i.UART_AdvFeatureConfig)
    i.UART_EndRxTransfer                     0x08002264   Section        0  stm32h7xx_hal_uart.o(i.UART_EndRxTransfer)
    UART_EndRxTransfer                       0x08002265   Thumb Code    28  stm32h7xx_hal_uart.o(i.UART_EndRxTransfer)
    i.UART_Transmit_IT                       0x08002280   Section        0  stm32h7xx_hal_uart.o(i.UART_Transmit_IT)
    UART_Transmit_IT                         0x08002281   Thumb Code   116  stm32h7xx_hal_uart.o(i.UART_Transmit_IT)
    i.UsageFault_Handler                     0x080022f4   Section        0  stm32h7xx_it.o(i.UsageFault_Handler)
    i.__hardfp_sqrt                          0x080022f6   Section        0  sqrt.o(i.__hardfp_sqrt)
    i.__kernel_poly                          0x0800235c   Section        0  poly.o(i.__kernel_poly)
    i.__mathlib_dbl_divzero                  0x080023d0   Section        0  dunder.o(i.__mathlib_dbl_divzero)
    i.__mathlib_dbl_infnan2                  0x080023f0   Section        0  dunder.o(i.__mathlib_dbl_infnan2)
    i.__mathlib_dbl_overflow                 0x080023f8   Section        0  dunder.o(i.__mathlib_dbl_overflow)
    i.__scatterload_copy                     0x08002410   Section       14  handlers.o(i.__scatterload_copy)
    i.__scatterload_null                     0x0800241e   Section        2  handlers.o(i.__scatterload_null)
    i.__scatterload_zeroinit                 0x08002420   Section       14  handlers.o(i.__scatterload_zeroinit)
    i.__set_errno                            0x08002430   Section        0  errno.o(i.__set_errno)
    i._printf_pre_padding                    0x0800243c   Section        0  printfa.o(i._printf_pre_padding)
    _printf_pre_padding                      0x0800243d   Thumb Code    46  printfa.o(i._printf_pre_padding)
    i.closed_loop_position                   0x0800246a   Section        0  lkmotor.o(i.closed_loop_position)
    i.delay_ms                               0x080024a8   Section        0  delay.o(i.delay_ms)
    i.delay_us                               0x080024c4   Section        0  delay.o(i.delay_us)
    i.fabs                                   0x080024f8   Section        0  fabs.o(i.fabs)
    i.fputc                                  0x08002510   Section        0  usart.o(i.fputc)
    i.get_cable_length                       0x08002524   Section        0  kinematics.o(i.get_cable_length)
    i.main                                   0x08002698   Section        0  main.o(i.main)
    i.print_motor_msg                        0x08002d20   Section        0  lkmotor.o(i.print_motor_msg)
    i.read_position                          0x08002f54   Section        0  lkmotor.o(i.read_position)
    i.read_status_1                          0x08002fdc   Section        0  lkmotor.o(i.read_status_1)
    i.read_status_2                          0x08003004   Section        0  lkmotor.o(i.read_status_2)
    i.sqrt                                   0x08003028   Section        0  sqrt.o(i.sqrt)
    i.uart_init                              0x08003094   Section        0  usart.o(i.uart_init)
    .constdata                               0x080030cc   Section       48  main.o(.constdata)
    .constdata                               0x080030fc   Section       16  system_stm32h7xx.o(.constdata)
    .text                                    0x08100000   Section       36  startup_stm32h743xx.o(.text)
    $v0                                      0x08100000   Number         0  startup_stm32h743xx.o(.text)
    .text                                    0x08100024   Section        0  dfixl.o(.text)
    .text                                    0x0810006e   Section        0  uidiv.o(.text)
    .text                                    0x0810009a   Section        0  llushr.o(.text)
    .text                                    0x081000ba   Section        0  fepilogue.o(.text)
    .text                                    0x08100128   Section        0  dadd.o(.text)
    .text                                    0x08100276   Section        0  ddiv.o(.text)
    .text                                    0x08100354   Section        0  dscalb.o(.text)
    .text                                    0x08100384   Section       48  cdrcmple.o(.text)
    i.BusFault_Handler                       0x081003b4   Section        0  stm32h7xx_it.o(i.BusFault_Handler)
    i.DebugMon_Handler                       0x081003b6   Section        0  stm32h7xx_it.o(i.DebugMon_Handler)
    i.FDCAN1_Send_Msg                        0x081003b8   Section        0  fdcan.o(i.FDCAN1_Send_Msg)
    i.HAL_DMA_Abort_IT                       0x081003ec   Section        0  stm32h7xx_hal_dma.o(i.HAL_DMA_Abort_IT)
    i.HAL_FDCAN_ActivateNotification         0x08100480   Section        0  stm32h7xx_hal_fdcan.o(i.HAL_FDCAN_ActivateNotification)
    i.HAL_FDCAN_ClockCalibrationCallback     0x08100508   Section        0  stm32h7xx_hal_fdcan.o(i.HAL_FDCAN_ClockCalibrationCallback)
    i.HAL_FDCAN_ConfigFilter                 0x0810050a   Section        0  stm32h7xx_hal_fdcan.o(i.HAL_FDCAN_ConfigFilter)
    i.HAL_FDCAN_HighPriorityMessageCallback  0x0810058c   Section        0  stm32h7xx_hal_fdcan.o(i.HAL_FDCAN_HighPriorityMessageCallback)
    i.HAL_FDCAN_IRQHandler                   0x08100590   Section        0  stm32h7xx_hal_fdcan.o(i.HAL_FDCAN_IRQHandler)
    i.HAL_FDCAN_Init                         0x08100950   Section        0  stm32h7xx_hal_fdcan.o(i.HAL_FDCAN_Init)
    i.HAL_FDCAN_MspDeInit                    0x08100b68   Section        0  fdcan.o(i.HAL_FDCAN_MspDeInit)
    i.HAL_FDCAN_MspInit                      0x08100b84   Section        0  fdcan.o(i.HAL_FDCAN_MspInit)
    i.HAL_FDCAN_RxFifo0Callback              0x08100bf4   Section        0  fdcan.o(i.HAL_FDCAN_RxFifo0Callback)
    i.HAL_FDCAN_RxFifo1Callback              0x08100c5c   Section        0  stm32h7xx_hal_fdcan.o(i.HAL_FDCAN_RxFifo1Callback)
    i.HAL_FDCAN_TT_ScheduleSyncCallback      0x08100c5e   Section        0  stm32h7xx_hal_fdcan.o(i.HAL_FDCAN_TT_ScheduleSyncCallback)
    i.HAL_FDCAN_TT_TimeMarkCallback          0x08100c60   Section        0  stm32h7xx_hal_fdcan.o(i.HAL_FDCAN_TT_TimeMarkCallback)
    i.HAL_FDCAN_TimestampWraparoundCallback  0x08100c62   Section        0  stm32h7xx_hal_fdcan.o(i.HAL_FDCAN_TimestampWraparoundCallback)
    i.HAL_FDCAN_TxBufferCompleteCallback     0x08100c64   Section        0  stm32h7xx_hal_fdcan.o(i.HAL_FDCAN_TxBufferCompleteCallback)
    i.HAL_FDCAN_TxFifoEmptyCallback          0x08100c66   Section        0  stm32h7xx_hal_fdcan.o(i.HAL_FDCAN_TxFifoEmptyCallback)
    i.HAL_GPIO_Init                          0x08100c68   Section        0  stm32h7xx_hal_gpio.o(i.HAL_GPIO_Init)
    i.HAL_GPIO_ReadPin                       0x08100e50   Section        0  stm32h7xx_hal_gpio.o(i.HAL_GPIO_ReadPin)
    i.HAL_GPIO_TogglePin                     0x08100e5a   Section        0  stm32h7xx_hal_gpio.o(i.HAL_GPIO_TogglePin)
    i.HAL_IncTick                            0x08100e64   Section        0  stm32h7xx_hal.o(i.HAL_IncTick)
    i.HAL_Init                               0x08100e74   Section        0  stm32h7xx_hal.o(i.HAL_Init)
    i.HAL_MspInit                            0x08100e90   Section        0  stm32h7xx_hal_msp.o(i.HAL_MspInit)
    i.HAL_NVIC_SetPriority                   0x08100e94   Section        0  stm32h7xx_hal_cortex.o(i.HAL_NVIC_SetPriority)
    i.HAL_NVIC_SetPriorityGrouping           0x08100ed4   Section        0  stm32h7xx_hal_cortex.o(i.HAL_NVIC_SetPriorityGrouping)
    i.HAL_RCCEx_GetPLL2ClockFreq             0x08100ef8   Section        0  stm32h7xx_hal_rcc_ex.o(i.HAL_RCCEx_GetPLL2ClockFreq)
    i.HAL_RCC_GetHCLKFreq                    0x08100ff4   Section        0  stm32h7xx_hal_rcc.o(i.HAL_RCC_GetHCLKFreq)
    i.HAL_RCC_GetPCLK2Freq                   0x08101028   Section        0  stm32h7xx_hal_rcc.o(i.HAL_RCC_GetPCLK2Freq)
    i.HAL_RCC_GetSysClockFreq                0x08101054   Section        0  stm32h7xx_hal_rcc.o(i.HAL_RCC_GetSysClockFreq)
    i.HAL_SYSTICK_CLKSourceConfig            0x0810114c   Section        0  stm32h7xx_hal_cortex.o(i.HAL_SYSTICK_CLKSourceConfig)
    i.HAL_TIMEx_BreakCallback                0x08101164   Section        0  stm32h7xx_hal_tim_ex.o(i.HAL_TIMEx_BreakCallback)
    i.HAL_TIM_Base_Init                      0x08101166   Section        0  stm32h7xx_hal_tim.o(i.HAL_TIM_Base_Init)
    i.HAL_TIM_IC_CaptureCallback             0x0810119c   Section        0  stm32h7xx_hal_tim.o(i.HAL_TIM_IC_CaptureCallback)
    i.HAL_TIM_IRQHandler                     0x0810119e   Section        0  stm32h7xx_hal_tim.o(i.HAL_TIM_IRQHandler)
    i.HAL_TIM_PWM_PulseFinishedCallback      0x0810131e   Section        0  stm32h7xx_hal_tim.o(i.HAL_TIM_PWM_PulseFinishedCallback)
    i.HAL_TIM_PeriodElapsedCallback          0x08101320   Section        0  timer.o(i.HAL_TIM_PeriodElapsedCallback)
    i.HAL_UART_GetState                      0x0810135c   Section        0  stm32h7xx_hal_uart.o(i.HAL_UART_GetState)
    i.HAL_UART_Init                          0x08101368   Section        0  stm32h7xx_hal_uart.o(i.HAL_UART_Init)
    i.HAL_UART_TxCpltCallback                0x081013d2   Section        0  stm32h7xx_hal_uart.o(i.HAL_UART_TxCpltCallback)
    i.KEY_Init                               0x081013d4   Section        0  key.o(i.KEY_Init)
    i.KEY_Scan                               0x08101410   Section        0  key.o(i.KEY_Scan)
    i.LED_Init                               0x0810149c   Section        0  led.o(i.LED_Init)
    i.NMI_Handler                            0x081014f8   Section        0  stm32h7xx_it.o(i.NMI_Handler)
    i.RCCEx_PLL3_Config                      0x081014fc   Section        0  stm32h7xx_hal_rcc_ex.o(i.RCCEx_PLL3_Config)
    RCCEx_PLL3_Config                        0x081014fd   Thumb Code   234  stm32h7xx_hal_rcc_ex.o(i.RCCEx_PLL3_Config)
    i.SVC_Handler                            0x081015ec   Section        0  stm32h7xx_it.o(i.SVC_Handler)
    i.Stm32_Clock_Init                       0x081015f0   Section        0  sys.o(i.Stm32_Clock_Init)
    i.TIM3_IRQHandler                        0x08101698   Section        0  timer.o(i.TIM3_IRQHandler)
    i.TIM3_Init                              0x081016a4   Section        0  timer.o(i.TIM3_Init)
    i.TIM_Base_SetConfig                     0x081016d0   Section        0  stm32h7xx_hal_tim.o(i.TIM_Base_SetConfig)
    i.UART_CheckIdleState                    0x08101790   Section        0  stm32h7xx_hal_uart.o(i.UART_CheckIdleState)
    i.UART_DMAAbortOnError                   0x081017ec   Section        0  stm32h7xx_hal_uart.o(i.UART_DMAAbortOnError)
    UART_DMAAbortOnError                     0x081017ed   Thumb Code    20  stm32h7xx_hal_uart.o(i.UART_DMAAbortOnError)
    i.UART_Receive_IT                        0x08101800   Section        0  stm32h7xx_hal_uart.o(i.UART_Receive_IT)
    UART_Receive_IT                          0x08101801   Thumb Code   118  stm32h7xx_hal_uart.o(i.UART_Receive_IT)
    i.UART_SetConfig                         0x08101878   Section        0  stm32h7xx_hal_uart.o(i.UART_SetConfig)
    i.UART_WaitOnFlagUntilTimeout            0x08101d20   Section        0  stm32h7xx_hal_uart.o(i.UART_WaitOnFlagUntilTimeout)
    i.USART1_IRQHandler                      0x08101d84   Section        0  usart.o(i.USART1_IRQHandler)
    i.__0printf                              0x08101dc8   Section        0  printfa.o(i.__0printf)
    i.__ARM_fpclassify                       0x08101de8   Section        0  fpclassify.o(i.__ARM_fpclassify)
    i.__NVIC_SetPriority                     0x08101e18   Section        0  stm32h7xx_hal_cortex.o(i.__NVIC_SetPriority)
    __NVIC_SetPriority                       0x08101e19   Thumb Code    32  stm32h7xx_hal_cortex.o(i.__NVIC_SetPriority)
    i.__hardfp_pow                           0x08101e38   Section        0  pow.o(i.__hardfp_pow)
    i.__mathlib_dbl_invalid                  0x08102730   Section        0  dunder.o(i.__mathlib_dbl_invalid)
    i.__mathlib_dbl_underflow                0x08102748   Section        0  dunder.o(i.__mathlib_dbl_underflow)
    i._fp_digits                             0x08102760   Section        0  printfa.o(i._fp_digits)
    _fp_digits                               0x08102761   Thumb Code   366  printfa.o(i._fp_digits)
    i._printf_core                           0x081028e4   Section        0  printfa.o(i._printf_core)
    _printf_core                             0x081028e5   Thumb Code  1744  printfa.o(i._printf_core)
    i._printf_post_padding                   0x08102fc0   Section        0  printfa.o(i._printf_post_padding)
    _printf_post_padding                     0x08102fc1   Thumb Code    36  printfa.o(i._printf_post_padding)
    i.delay_init                             0x08102fe4   Section        0  delay.o(i.delay_init)
    i.get_position                           0x08102ff8   Section        0  lkmotor.o(i.get_position)
    .constdata                               0x08103020   Section       24  stm32h7xx_hal_uart.o(.constdata)
    UARTPrescTable                           0x08103020   Data          24  stm32h7xx_hal_uart.o(.constdata)
    .constdata                               0x08103038   Section       35  stm32h7xx_hal_fdcan.o(.constdata)
    DLCtoBytes                               0x08103038   Data          16  stm32h7xx_hal_fdcan.o(.constdata)
    CvtEltSize                               0x08103048   Data          19  stm32h7xx_hal_fdcan.o(.constdata)
    .constdata                               0x08103060   Section      136  pow.o(.constdata)
    bp                                       0x08103060   Data          16  pow.o(.constdata)
    dp_h                                     0x08103070   Data          16  pow.o(.constdata)
    dp_l                                     0x08103080   Data          16  pow.o(.constdata)
    L                                        0x08103090   Data          48  pow.o(.constdata)
    P                                        0x081030c0   Data          40  pow.o(.constdata)
    .constdata                               0x081030e8   Section        8  qnan.o(.constdata)
    .data                                    0x24000000   Section        1  main.o(.data)
    .data                                    0x24000004   Section        4  system_stm32h7xx.o(.data)
    .data                                    0x24000008   Section        4  system_stm32h7xx.o(.data)
    .data                                    0x2400000c   Section        4  delay.o(.data)
    fac_us                                   0x2400000c   Data           4  delay.o(.data)
    .data                                    0x24000010   Section        4  usart.o(.data)
    .data                                    0x24000014   Section        4  usart.o(.data)
    .data                                    0x24000018   Section       12  stm32h7xx_hal.o(.data)
    uwTickFreq                               0x24000018   Data           1  stm32h7xx_hal.o(.data)
    uwTickPrio                               0x2400001c   Data           4  stm32h7xx_hal.o(.data)
    uwTick                                   0x24000020   Data           4  stm32h7xx_hal.o(.data)
    .data                                    0x24000024   Section        4  timer.o(.data)
    .data                                    0x24000028   Section        4  errno.o(.data)
    _errno                                   0x24000028   Data           4  errno.o(.data)
    .bss                                     0x24000030   Section       96  main.o(.bss)
    .bss                                     0x24000090   Section      328  usart.o(.bss)
    .bss                                     0x240001d8   Section      232  fdcan.o(.bss)
    .bss                                     0x240002c0   Section       64  timer.o(.bss)
    STACK                                    0x24000300   Section     1024  startup_stm32h743xx.o(STACK)

    Global Symbols

    Symbol Name                              Value     Ov Type        Size  Object(Section)

    BuildAttributes$$THM_ISAv4$E$P$D$K$B$S$7EM$VFPv5_D16$PE$PLD8$A:L22UL41UL21$X:L11$S22US41US21$IEEE1$IW$USESV6$~STKCKD$USESV7$~SHL$OTIME$ROPI$IEEEX$EBA8$MICROLIB$REQ8$PRES8$EABIv2 0x00000000   Number         0  anon$$obj.o ABSOLUTE
    __ARM_use_no_argv                        0x00000000   Number         0  main.o ABSOLUTE
    _printf_a                                0x00000000   Number         0  stubs.o ABSOLUTE
    _printf_c                                0x00000000   Number         0  stubs.o ABSOLUTE
    _printf_charcount                        0x00000000   Number         0  stubs.o ABSOLUTE
    _printf_d                                0x00000000   Number         0  stubs.o ABSOLUTE
    _printf_e                                0x00000000   Number         0  stubs.o ABSOLUTE
    _printf_f                                0x00000000   Number         0  stubs.o ABSOLUTE
    _printf_flags                            0x00000000   Number         0  stubs.o ABSOLUTE
    _printf_fp_dec                           0x00000000   Number         0  stubs.o ABSOLUTE
    _printf_fp_hex                           0x00000000   Number         0  stubs.o ABSOLUTE
    _printf_g                                0x00000000   Number         0  stubs.o ABSOLUTE
    _printf_i                                0x00000000   Number         0  stubs.o ABSOLUTE
    _printf_int_dec                          0x00000000   Number         0  stubs.o ABSOLUTE
    _printf_l                                0x00000000   Number         0  stubs.o ABSOLUTE
    _printf_lc                               0x00000000   Number         0  stubs.o ABSOLUTE
    _printf_ll                               0x00000000   Number         0  stubs.o ABSOLUTE
    _printf_lld                              0x00000000   Number         0  stubs.o ABSOLUTE
    _printf_lli                              0x00000000   Number         0  stubs.o ABSOLUTE
    _printf_llo                              0x00000000   Number         0  stubs.o ABSOLUTE
    _printf_llu                              0x00000000   Number         0  stubs.o ABSOLUTE
    _printf_llx                              0x00000000   Number         0  stubs.o ABSOLUTE
    _printf_longlong_dec                     0x00000000   Number         0  stubs.o ABSOLUTE
    _printf_longlong_hex                     0x00000000   Number         0  stubs.o ABSOLUTE
    _printf_longlong_oct                     0x00000000   Number         0  stubs.o ABSOLUTE
    _printf_ls                               0x00000000   Number         0  stubs.o ABSOLUTE
    _printf_mbtowc                           0x00000000   Number         0  stubs.o ABSOLUTE
    _printf_n                                0x00000000   Number         0  stubs.o ABSOLUTE
    _printf_o                                0x00000000   Number         0  stubs.o ABSOLUTE
    _printf_p                                0x00000000   Number         0  stubs.o ABSOLUTE
    _printf_percent                          0x00000000   Number         0  stubs.o ABSOLUTE
    _printf_pre_padding                      0x00000000   Number         0  stubs.o ABSOLUTE
    _printf_return_value                     0x00000000   Number         0  stubs.o ABSOLUTE
    _printf_s                                0x00000000   Number         0  stubs.o ABSOLUTE
    _printf_sizespec                         0x00000000   Number         0  stubs.o ABSOLUTE
    _printf_str                              0x00000000   Number         0  stubs.o ABSOLUTE
    _printf_truncate_signed                  0x00000000   Number         0  stubs.o ABSOLUTE
    _printf_truncate_unsigned                0x00000000   Number         0  stubs.o ABSOLUTE
    _printf_u                                0x00000000   Number         0  stubs.o ABSOLUTE
    _printf_wc                               0x00000000   Number         0  stubs.o ABSOLUTE
    _printf_wctomb                           0x00000000   Number         0  stubs.o ABSOLUTE
    _printf_widthprec                        0x00000000   Number         0  stubs.o ABSOLUTE
    _printf_x                                0x00000000   Number         0  stubs.o ABSOLUTE
    __cpp_initialize__aeabi_                  - Undefined Weak Reference
    __cxa_finalize                            - Undefined Weak Reference
    __decompress                              - Undefined Weak Reference
    _clock_init                               - Undefined Weak Reference
    _microlib_exit                            - Undefined Weak Reference
    __Vectors_Size                           0x00000298   Number         0  startup_stm32h743xx.o ABSOLUTE
    __Vectors                                0x08000000   Data           4  startup_stm32h743xx.o(RESET)
    __Vectors_End                            0x08000298   Data           0  startup_stm32h743xx.o(RESET)
    __main                                   0x08000299   Thumb Code     0  entry.o(.ARM.Collect$$$$00000000)
    _main_stk                                0x08000299   Thumb Code     0  entry2.o(.ARM.Collect$$$$00000001)
    _main_scatterload                        0x0800029d   Thumb Code     0  entry5.o(.ARM.Collect$$$$00000004)
    __main_after_scatterload                 0x080002a1   Thumb Code     0  entry5.o(.ARM.Collect$$$$00000004)
    _main_clock                              0x080002a1   Thumb Code     0  entry7b.o(.ARM.Collect$$$$00000008)
    _main_cpp_init                           0x080002a1   Thumb Code     0  entry8b.o(.ARM.Collect$$$$0000000A)
    _main_init                               0x080002a1   Thumb Code     0  entry9a.o(.ARM.Collect$$$$0000000B)
    __rt_final_cpp                           0x080002a9   Thumb Code     0  entry10a.o(.ARM.Collect$$$$0000000D)
    __rt_final_exit                          0x080002a9   Thumb Code     0  entry11a.o(.ARM.Collect$$$$0000000F)
    __aeabi_uldivmod                         0x080002ad   Thumb Code    98  uldiv.o(.text)
    __aeabi_l2f                              0x0800030f   Thumb Code    44  ffltl.o(.text)
    __aeabi_llsl                             0x0800033b   Thumb Code    30  llshl.o(.text)
    _ll_shift_l                              0x0800033b   Thumb Code     0  llshl.o(.text)
    __I$use$fp                               0x08000359   Thumb Code     0  iusefp.o(.text)
    __aeabi_dmul                             0x08000359   Thumb Code   228  dmul.o(.text)
    __aeabi_d2ulz                            0x0800043d   Thumb Code    48  dfixul.o(.text)
    __scatterload                            0x0800046d   Thumb Code    28  init.o(.text)
    __scatterload_rt2                        0x0800046d   Thumb Code     0  init.o(.text)
    __aeabi_lasr                             0x08000491   Thumb Code    36  llsshr.o(.text)
    _ll_sshift_r                             0x08000491   Thumb Code     0  llsshr.o(.text)
    _double_round                            0x080004b5   Thumb Code    30  depilogue.o(.text)
    _double_epilogue                         0x080004d3   Thumb Code   156  depilogue.o(.text)
    Cache_Enable                             0x08000571   Thumb Code   126  sys.o(i.Cache_Enable)
    FDCAN1_IT0_IRQHandler                    0x080005f9   Thumb Code     6  fdcan.o(i.FDCAN1_IT0_IRQHandler)
    FDCAN1_Mode_Init                         0x08000605   Thumb Code   138  fdcan.o(i.FDCAN1_Mode_Init)
    HAL_EnableCompensationCell               0x080008f5   Thumb Code    12  stm32h7xx_hal.o(i.HAL_EnableCompensationCell)
    HAL_FDCAN_AddMessageToTxFifoQ            0x08000905   Thumb Code    88  stm32h7xx_hal_fdcan.o(i.HAL_FDCAN_AddMessageToTxFifoQ)
    HAL_FDCAN_DeInit                         0x0800095d   Thumb Code    32  stm32h7xx_hal_fdcan.o(i.HAL_FDCAN_DeInit)
    HAL_FDCAN_ErrorCallback                  0x0800097d   Thumb Code     2  stm32h7xx_hal_fdcan.o(i.HAL_FDCAN_ErrorCallback)
    HAL_FDCAN_GetRxMessage                   0x08000981   Thumb Code   314  stm32h7xx_hal_fdcan.o(i.HAL_FDCAN_GetRxMessage)
    HAL_FDCAN_RxBufferNewMessageCallback     0x08000ac1   Thumb Code     2  stm32h7xx_hal_fdcan.o(i.HAL_FDCAN_RxBufferNewMessageCallback)
    HAL_FDCAN_Start                          0x08000ac3   Thumb Code    50  stm32h7xx_hal_fdcan.o(i.HAL_FDCAN_Start)
    HAL_FDCAN_Stop                           0x08000af5   Thumb Code    92  stm32h7xx_hal_fdcan.o(i.HAL_FDCAN_Stop)
    HAL_FDCAN_TT_GlobalTimeCallback          0x08000b51   Thumb Code     2  stm32h7xx_hal_fdcan.o(i.HAL_FDCAN_TT_GlobalTimeCallback)
    HAL_FDCAN_TT_StopWatchCallback           0x08000b53   Thumb Code     2  stm32h7xx_hal_fdcan.o(i.HAL_FDCAN_TT_StopWatchCallback)
    HAL_FDCAN_TimeoutOccurredCallback        0x08000b55   Thumb Code     2  stm32h7xx_hal_fdcan.o(i.HAL_FDCAN_TimeoutOccurredCallback)
    HAL_FDCAN_TxBufferAbortCallback          0x08000b57   Thumb Code     2  stm32h7xx_hal_fdcan.o(i.HAL_FDCAN_TxBufferAbortCallback)
    HAL_FDCAN_TxEventFifoCallback            0x08000b59   Thumb Code     2  stm32h7xx_hal_fdcan.o(i.HAL_FDCAN_TxEventFifoCallback)
    HAL_GPIO_WritePin                        0x08000b5b   Thumb Code    10  stm32h7xx_hal_gpio.o(i.HAL_GPIO_WritePin)
    HAL_GetTick                              0x08000b65   Thumb Code     6  stm32h7xx_hal.o(i.HAL_GetTick)
    HAL_InitTick                             0x08000b71   Thumb Code    54  stm32h7xx_hal.o(i.HAL_InitTick)
    HAL_NVIC_DisableIRQ                      0x08000bb1   Thumb Code    34  stm32h7xx_hal_cortex.o(i.HAL_NVIC_DisableIRQ)
    HAL_NVIC_EnableIRQ                       0x08000bd3   Thumb Code    26  stm32h7xx_hal_cortex.o(i.HAL_NVIC_EnableIRQ)
    HAL_RCCEx_GetD1SysClockFreq              0x08000bed   Thumb Code    40  stm32h7xx_hal_rcc_ex.o(i.HAL_RCCEx_GetD1SysClockFreq)
    HAL_RCCEx_GetD3PCLK1Freq                 0x08000c21   Thumb Code    34  stm32h7xx_hal_rcc_ex.o(i.HAL_RCCEx_GetD3PCLK1Freq)
    HAL_RCCEx_GetPLL3ClockFreq               0x08000c4d   Thumb Code   220  stm32h7xx_hal_rcc_ex.o(i.HAL_RCCEx_GetPLL3ClockFreq)
    HAL_RCCEx_PeriphCLKConfig                0x08000d49   Thumb Code  2220  stm32h7xx_hal_rcc_ex.o(i.HAL_RCCEx_PeriphCLKConfig)
    HAL_RCC_ClockConfig                      0x080015f9   Thumb Code   450  stm32h7xx_hal_rcc.o(i.HAL_RCC_ClockConfig)
    HAL_RCC_GetPCLK1Freq                     0x080017d1   Thumb Code    34  stm32h7xx_hal_rcc.o(i.HAL_RCC_GetPCLK1Freq)
    HAL_RCC_OscConfig                        0x080017fd   Thumb Code  1180  stm32h7xx_hal_rcc.o(i.HAL_RCC_OscConfig)
    HAL_SYSTICK_Config                       0x08001c99   Thumb Code    40  stm32h7xx_hal_cortex.o(i.HAL_SYSTICK_Config)
    HAL_TIMEx_CommutationCallback            0x08001cc1   Thumb Code     2  stm32h7xx_hal_tim_ex.o(i.HAL_TIMEx_CommutationCallback)
    HAL_TIM_Base_MspInit                     0x08001cc5   Thumb Code    50  timer.o(i.HAL_TIM_Base_MspInit)
    HAL_TIM_Base_Start_IT                    0x08001d01   Thumb Code    24  stm32h7xx_hal_tim.o(i.HAL_TIM_Base_Start_IT)
    HAL_TIM_OC_DelayElapsedCallback          0x08001d19   Thumb Code     2  stm32h7xx_hal_tim.o(i.HAL_TIM_OC_DelayElapsedCallback)
    HAL_TIM_TriggerCallback                  0x08001d1b   Thumb Code     2  stm32h7xx_hal_tim.o(i.HAL_TIM_TriggerCallback)
    HAL_UARTEx_WakeupCallback                0x08001d1d   Thumb Code     2  stm32h7xx_hal_uart_ex.o(i.HAL_UARTEx_WakeupCallback)
    HAL_UART_ErrorCallback                   0x08001d1f   Thumb Code     2  stm32h7xx_hal_uart.o(i.HAL_UART_ErrorCallback)
    HAL_UART_IRQHandler                      0x08001d21   Thumb Code   374  stm32h7xx_hal_uart.o(i.HAL_UART_IRQHandler)
    HAL_UART_MspInit                         0x08001ea1   Thumb Code   114  usart.o(i.HAL_UART_MspInit)
    HAL_UART_Receive_IT                      0x08001f21   Thumb Code   166  stm32h7xx_hal_uart.o(i.HAL_UART_Receive_IT)
    HAL_UART_RxCpltCallback                  0x08001fc9   Thumb Code    76  usart.o(i.HAL_UART_RxCpltCallback)
    HardFault_Handler                        0x08002021   Thumb Code     2  stm32h7xx_it.o(i.HardFault_Handler)
    PendSV_Handler                           0x08002023   Thumb Code     2  stm32h7xx_it.o(i.PendSV_Handler)
    SysTick_Handler                          0x08002115   Thumb Code     4  stm32h7xx_it.o(i.SysTick_Handler)
    SystemInit                               0x08002119   Thumb Code   116  system_stm32h7xx.o(i.SystemInit)
    UART_AdvFeatureConfig                    0x0800219d   Thumb Code   200  stm32h7xx_hal_uart.o(i.UART_AdvFeatureConfig)
    UsageFault_Handler                       0x080022f5   Thumb Code     2  stm32h7xx_it.o(i.UsageFault_Handler)
    __hardfp_sqrt                            0x080022f7   Thumb Code   102  sqrt.o(i.__hardfp_sqrt)
    __kernel_poly                            0x0800235d   Thumb Code   112  poly.o(i.__kernel_poly)
    __mathlib_dbl_divzero                    0x080023d1   Thumb Code    14  dunder.o(i.__mathlib_dbl_divzero)
    __mathlib_dbl_infnan2                    0x080023f1   Thumb Code     6  dunder.o(i.__mathlib_dbl_infnan2)
    __mathlib_dbl_overflow                   0x080023f9   Thumb Code    10  dunder.o(i.__mathlib_dbl_overflow)
    __scatterload_copy                       0x08002411   Thumb Code    14  handlers.o(i.__scatterload_copy)
    __scatterload_null                       0x0800241f   Thumb Code     2  handlers.o(i.__scatterload_null)
    __scatterload_zeroinit                   0x08002421   Thumb Code    14  handlers.o(i.__scatterload_zeroinit)
    __set_errno                              0x08002431   Thumb Code     6  errno.o(i.__set_errno)
    closed_loop_position                     0x0800246b   Thumb Code    62  lkmotor.o(i.closed_loop_position)
    delay_ms                                 0x080024a9   Thumb Code    26  delay.o(i.delay_ms)
    delay_us                                 0x080024c5   Thumb Code    48  delay.o(i.delay_us)
    fabs                                     0x080024f9   Thumb Code    24  fabs.o(i.fabs)
    fputc                                    0x08002511   Thumb Code    14  usart.o(i.fputc)
    get_cable_length                         0x08002525   Thumb Code   348  kinematics.o(i.get_cable_length)
    main                                     0x08002699   Thumb Code  1658  main.o(i.main)
    print_motor_msg                          0x08002d21   Thumb Code   220  lkmotor.o(i.print_motor_msg)
    read_position                            0x08002f55   Thumb Code   132  lkmotor.o(i.read_position)
    read_status_1                            0x08002fdd   Thumb Code    36  lkmotor.o(i.read_status_1)
    read_status_2                            0x08003005   Thumb Code    32  lkmotor.o(i.read_status_2)
    sqrt                                     0x08003029   Thumb Code   106  sqrt.o(i.sqrt)
    uart_init                                0x08003095   Thumb Code    44  usart.o(i.uart_init)
    D1CorePrescTable                         0x080030fc   Data          16  system_stm32h7xx.o(.constdata)
    Region$$Table$$Base                      0x0800310c   Number         0  anon$$obj.o(Region$$Table)
    Region$$Table$$Limit                     0x0800312c   Number         0  anon$$obj.o(Region$$Table)
    Reset_Handler                            0x08100001   Thumb Code     8  startup_stm32h743xx.o(.text)
    MemManage_Handler                        0x0810000d   Thumb Code     2  startup_stm32h743xx.o(.text)
    ADC3_IRQHandler                          0x0810001b   Thumb Code     0  startup_stm32h743xx.o(.text)
    ADC_IRQHandler                           0x0810001b   Thumb Code     0  startup_stm32h743xx.o(.text)
    BDMA_Channel0_IRQHandler                 0x0810001b   Thumb Code     0  startup_stm32h743xx.o(.text)
    BDMA_Channel1_IRQHandler                 0x0810001b   Thumb Code     0  startup_stm32h743xx.o(.text)
    BDMA_Channel2_IRQHandler                 0x0810001b   Thumb Code     0  startup_stm32h743xx.o(.text)
    BDMA_Channel3_IRQHandler                 0x0810001b   Thumb Code     0  startup_stm32h743xx.o(.text)
    BDMA_Channel4_IRQHandler                 0x0810001b   Thumb Code     0  startup_stm32h743xx.o(.text)
    BDMA_Channel5_IRQHandler                 0x0810001b   Thumb Code     0  startup_stm32h743xx.o(.text)
    BDMA_Channel6_IRQHandler                 0x0810001b   Thumb Code     0  startup_stm32h743xx.o(.text)
    BDMA_Channel7_IRQHandler                 0x0810001b   Thumb Code     0  startup_stm32h743xx.o(.text)
    CEC_IRQHandler                           0x0810001b   Thumb Code     0  startup_stm32h743xx.o(.text)
    COMP1_IRQHandler                         0x0810001b   Thumb Code     0  startup_stm32h743xx.o(.text)
    CRS_IRQHandler                           0x0810001b   Thumb Code     0  startup_stm32h743xx.o(.text)
    DCMI_IRQHandler                          0x0810001b   Thumb Code     0  startup_stm32h743xx.o(.text)
    DFSDM1_FLT0_IRQHandler                   0x0810001b   Thumb Code     0  startup_stm32h743xx.o(.text)
    DFSDM1_FLT1_IRQHandler                   0x0810001b   Thumb Code     0  startup_stm32h743xx.o(.text)
    DFSDM1_FLT2_IRQHandler                   0x0810001b   Thumb Code     0  startup_stm32h743xx.o(.text)
    DFSDM1_FLT3_IRQHandler                   0x0810001b   Thumb Code     0  startup_stm32h743xx.o(.text)
    DMA1_Stream0_IRQHandler                  0x0810001b   Thumb Code     0  startup_stm32h743xx.o(.text)
    DMA1_Stream1_IRQHandler                  0x0810001b   Thumb Code     0  startup_stm32h743xx.o(.text)
    DMA1_Stream2_IRQHandler                  0x0810001b   Thumb Code     0  startup_stm32h743xx.o(.text)
    DMA1_Stream3_IRQHandler                  0x0810001b   Thumb Code     0  startup_stm32h743xx.o(.text)
    DMA1_Stream4_IRQHandler                  0x0810001b   Thumb Code     0  startup_stm32h743xx.o(.text)
    DMA1_Stream5_IRQHandler                  0x0810001b   Thumb Code     0  startup_stm32h743xx.o(.text)
    DMA1_Stream6_IRQHandler                  0x0810001b   Thumb Code     0  startup_stm32h743xx.o(.text)
    DMA1_Stream7_IRQHandler                  0x0810001b   Thumb Code     0  startup_stm32h743xx.o(.text)
    DMA2D_IRQHandler                         0x0810001b   Thumb Code     0  startup_stm32h743xx.o(.text)
    DMA2_Stream0_IRQHandler                  0x0810001b   Thumb Code     0  startup_stm32h743xx.o(.text)
    DMA2_Stream1_IRQHandler                  0x0810001b   Thumb Code     0  startup_stm32h743xx.o(.text)
    DMA2_Stream2_IRQHandler                  0x0810001b   Thumb Code     0  startup_stm32h743xx.o(.text)
    DMA2_Stream3_IRQHandler                  0x0810001b   Thumb Code     0  startup_stm32h743xx.o(.text)
    DMA2_Stream4_IRQHandler                  0x0810001b   Thumb Code     0  startup_stm32h743xx.o(.text)
    DMA2_Stream5_IRQHandler                  0x0810001b   Thumb Code     0  startup_stm32h743xx.o(.text)
    DMA2_Stream6_IRQHandler                  0x0810001b   Thumb Code     0  startup_stm32h743xx.o(.text)
    DMA2_Stream7_IRQHandler                  0x0810001b   Thumb Code     0  startup_stm32h743xx.o(.text)
    DMAMUX1_OVR_IRQHandler                   0x0810001b   Thumb Code     0  startup_stm32h743xx.o(.text)
    DMAMUX2_OVR_IRQHandler                   0x0810001b   Thumb Code     0  startup_stm32h743xx.o(.text)
    ETH_IRQHandler                           0x0810001b   Thumb Code     0  startup_stm32h743xx.o(.text)
    ETH_WKUP_IRQHandler                      0x0810001b   Thumb Code     0  startup_stm32h743xx.o(.text)
    EXTI0_IRQHandler                         0x0810001b   Thumb Code     0  startup_stm32h743xx.o(.text)
    EXTI15_10_IRQHandler                     0x0810001b   Thumb Code     0  startup_stm32h743xx.o(.text)
    EXTI1_IRQHandler                         0x0810001b   Thumb Code     0  startup_stm32h743xx.o(.text)
    EXTI2_IRQHandler                         0x0810001b   Thumb Code     0  startup_stm32h743xx.o(.text)
    EXTI3_IRQHandler                         0x0810001b   Thumb Code     0  startup_stm32h743xx.o(.text)
    EXTI4_IRQHandler                         0x0810001b   Thumb Code     0  startup_stm32h743xx.o(.text)
    EXTI9_5_IRQHandler                       0x0810001b   Thumb Code     0  startup_stm32h743xx.o(.text)
    FDCAN1_IT1_IRQHandler                    0x0810001b   Thumb Code     0  startup_stm32h743xx.o(.text)
    FDCAN2_IT0_IRQHandler                    0x0810001b   Thumb Code     0  startup_stm32h743xx.o(.text)
    FDCAN2_IT1_IRQHandler                    0x0810001b   Thumb Code     0  startup_stm32h743xx.o(.text)
    FDCAN_CAL_IRQHandler                     0x0810001b   Thumb Code     0  startup_stm32h743xx.o(.text)
    FLASH_IRQHandler                         0x0810001b   Thumb Code     0  startup_stm32h743xx.o(.text)
    FMC_IRQHandler                           0x0810001b   Thumb Code     0  startup_stm32h743xx.o(.text)
    FPU_IRQHandler                           0x0810001b   Thumb Code     0  startup_stm32h743xx.o(.text)
    HRTIM1_FLT_IRQHandler                    0x0810001b   Thumb Code     0  startup_stm32h743xx.o(.text)
    HRTIM1_Master_IRQHandler                 0x0810001b   Thumb Code     0  startup_stm32h743xx.o(.text)
    HRTIM1_TIMA_IRQHandler                   0x0810001b   Thumb Code     0  startup_stm32h743xx.o(.text)
    HRTIM1_TIMB_IRQHandler                   0x0810001b   Thumb Code     0  startup_stm32h743xx.o(.text)
    HRTIM1_TIMC_IRQHandler                   0x0810001b   Thumb Code     0  startup_stm32h743xx.o(.text)
    HRTIM1_TIMD_IRQHandler                   0x0810001b   Thumb Code     0  startup_stm32h743xx.o(.text)
    HRTIM1_TIME_IRQHandler                   0x0810001b   Thumb Code     0  startup_stm32h743xx.o(.text)
    HSEM1_IRQHandler                         0x0810001b   Thumb Code     0  startup_stm32h743xx.o(.text)
    I2C1_ER_IRQHandler                       0x0810001b   Thumb Code     0  startup_stm32h743xx.o(.text)
    I2C1_EV_IRQHandler                       0x0810001b   Thumb Code     0  startup_stm32h743xx.o(.text)
    I2C2_ER_IRQHandler                       0x0810001b   Thumb Code     0  startup_stm32h743xx.o(.text)
    I2C2_EV_IRQHandler                       0x0810001b   Thumb Code     0  startup_stm32h743xx.o(.text)
    I2C3_ER_IRQHandler                       0x0810001b   Thumb Code     0  startup_stm32h743xx.o(.text)
    I2C3_EV_IRQHandler                       0x0810001b   Thumb Code     0  startup_stm32h743xx.o(.text)
    I2C4_ER_IRQHandler                       0x0810001b   Thumb Code     0  startup_stm32h743xx.o(.text)
    I2C4_EV_IRQHandler                       0x0810001b   Thumb Code     0  startup_stm32h743xx.o(.text)
    JPEG_IRQHandler                          0x0810001b   Thumb Code     0  startup_stm32h743xx.o(.text)
    LPTIM1_IRQHandler                        0x0810001b   Thumb Code     0  startup_stm32h743xx.o(.text)
    LPTIM2_IRQHandler                        0x0810001b   Thumb Code     0  startup_stm32h743xx.o(.text)
    LPTIM3_IRQHandler                        0x0810001b   Thumb Code     0  startup_stm32h743xx.o(.text)
    LPTIM4_IRQHandler                        0x0810001b   Thumb Code     0  startup_stm32h743xx.o(.text)
    LPTIM5_IRQHandler                        0x0810001b   Thumb Code     0  startup_stm32h743xx.o(.text)
    LPUART1_IRQHandler                       0x0810001b   Thumb Code     0  startup_stm32h743xx.o(.text)
    LTDC_ER_IRQHandler                       0x0810001b   Thumb Code     0  startup_stm32h743xx.o(.text)
    LTDC_IRQHandler                          0x0810001b   Thumb Code     0  startup_stm32h743xx.o(.text)
    MDIOS_IRQHandler                         0x0810001b   Thumb Code     0  startup_stm32h743xx.o(.text)
    MDIOS_WKUP_IRQHandler                    0x0810001b   Thumb Code     0  startup_stm32h743xx.o(.text)
    MDMA_IRQHandler                          0x0810001b   Thumb Code     0  startup_stm32h743xx.o(.text)
    OTG_FS_EP1_IN_IRQHandler                 0x0810001b   Thumb Code     0  startup_stm32h743xx.o(.text)
    OTG_FS_EP1_OUT_IRQHandler                0x0810001b   Thumb Code     0  startup_stm32h743xx.o(.text)
    OTG_FS_IRQHandler                        0x0810001b   Thumb Code     0  startup_stm32h743xx.o(.text)
    OTG_FS_WKUP_IRQHandler                   0x0810001b   Thumb Code     0  startup_stm32h743xx.o(.text)
    OTG_HS_EP1_IN_IRQHandler                 0x0810001b   Thumb Code     0  startup_stm32h743xx.o(.text)
    OTG_HS_EP1_OUT_IRQHandler                0x0810001b   Thumb Code     0  startup_stm32h743xx.o(.text)
    OTG_HS_IRQHandler                        0x0810001b   Thumb Code     0  startup_stm32h743xx.o(.text)
    OTG_HS_WKUP_IRQHandler                   0x0810001b   Thumb Code     0  startup_stm32h743xx.o(.text)
    PVD_AVD_IRQHandler                       0x0810001b   Thumb Code     0  startup_stm32h743xx.o(.text)
    QUADSPI_IRQHandler                       0x0810001b   Thumb Code     0  startup_stm32h743xx.o(.text)
    RCC_IRQHandler                           0x0810001b   Thumb Code     0  startup_stm32h743xx.o(.text)
    RNG_IRQHandler                           0x0810001b   Thumb Code     0  startup_stm32h743xx.o(.text)
    RTC_Alarm_IRQHandler                     0x0810001b   Thumb Code     0  startup_stm32h743xx.o(.text)
    RTC_WKUP_IRQHandler                      0x0810001b   Thumb Code     0  startup_stm32h743xx.o(.text)
    SAI1_IRQHandler                          0x0810001b   Thumb Code     0  startup_stm32h743xx.o(.text)
    SAI2_IRQHandler                          0x0810001b   Thumb Code     0  startup_stm32h743xx.o(.text)
    SAI3_IRQHandler                          0x0810001b   Thumb Code     0  startup_stm32h743xx.o(.text)
    SAI4_IRQHandler                          0x0810001b   Thumb Code     0  startup_stm32h743xx.o(.text)
    SDMMC1_IRQHandler                        0x0810001b   Thumb Code     0  startup_stm32h743xx.o(.text)
    SDMMC2_IRQHandler                        0x0810001b   Thumb Code     0  startup_stm32h743xx.o(.text)
    SPDIF_RX_IRQHandler                      0x0810001b   Thumb Code     0  startup_stm32h743xx.o(.text)
    SPI1_IRQHandler                          0x0810001b   Thumb Code     0  startup_stm32h743xx.o(.text)
    SPI2_IRQHandler                          0x0810001b   Thumb Code     0  startup_stm32h743xx.o(.text)
    SPI3_IRQHandler                          0x0810001b   Thumb Code     0  startup_stm32h743xx.o(.text)
    SPI4_IRQHandler                          0x0810001b   Thumb Code     0  startup_stm32h743xx.o(.text)
    SPI5_IRQHandler                          0x0810001b   Thumb Code     0  startup_stm32h743xx.o(.text)
    SPI6_IRQHandler                          0x0810001b   Thumb Code     0  startup_stm32h743xx.o(.text)
    SWPMI1_IRQHandler                        0x0810001b   Thumb Code     0  startup_stm32h743xx.o(.text)
    TAMP_STAMP_IRQHandler                    0x0810001b   Thumb Code     0  startup_stm32h743xx.o(.text)
    TIM15_IRQHandler                         0x0810001b   Thumb Code     0  startup_stm32h743xx.o(.text)
    TIM16_IRQHandler                         0x0810001b   Thumb Code     0  startup_stm32h743xx.o(.text)
    TIM17_IRQHandler                         0x0810001b   Thumb Code     0  startup_stm32h743xx.o(.text)
    TIM1_BRK_IRQHandler                      0x0810001b   Thumb Code     0  startup_stm32h743xx.o(.text)
    TIM1_CC_IRQHandler                       0x0810001b   Thumb Code     0  startup_stm32h743xx.o(.text)
    TIM1_TRG_COM_IRQHandler                  0x0810001b   Thumb Code     0  startup_stm32h743xx.o(.text)
    TIM1_UP_IRQHandler                       0x0810001b   Thumb Code     0  startup_stm32h743xx.o(.text)
    TIM2_IRQHandler                          0x0810001b   Thumb Code     0  startup_stm32h743xx.o(.text)
    TIM4_IRQHandler                          0x0810001b   Thumb Code     0  startup_stm32h743xx.o(.text)
    TIM5_IRQHandler                          0x0810001b   Thumb Code     0  startup_stm32h743xx.o(.text)
    TIM6_DAC_IRQHandler                      0x0810001b   Thumb Code     0  startup_stm32h743xx.o(.text)
    TIM7_IRQHandler                          0x0810001b   Thumb Code     0  startup_stm32h743xx.o(.text)
    TIM8_BRK_TIM12_IRQHandler                0x0810001b   Thumb Code     0  startup_stm32h743xx.o(.text)
    TIM8_CC_IRQHandler                       0x0810001b   Thumb Code     0  startup_stm32h743xx.o(.text)
    TIM8_TRG_COM_TIM14_IRQHandler            0x0810001b   Thumb Code     0  startup_stm32h743xx.o(.text)
    TIM8_UP_TIM13_IRQHandler                 0x0810001b   Thumb Code     0  startup_stm32h743xx.o(.text)
    UART4_IRQHandler                         0x0810001b   Thumb Code     0  startup_stm32h743xx.o(.text)
    UART5_IRQHandler                         0x0810001b   Thumb Code     0  startup_stm32h743xx.o(.text)
    UART7_IRQHandler                         0x0810001b   Thumb Code     0  startup_stm32h743xx.o(.text)
    UART8_IRQHandler                         0x0810001b   Thumb Code     0  startup_stm32h743xx.o(.text)
    USART2_IRQHandler                        0x0810001b   Thumb Code     0  startup_stm32h743xx.o(.text)
    USART3_IRQHandler                        0x0810001b   Thumb Code     0  startup_stm32h743xx.o(.text)
    USART6_IRQHandler                        0x0810001b   Thumb Code     0  startup_stm32h743xx.o(.text)
    WAKEUP_PIN_IRQHandler                    0x0810001b   Thumb Code     0  startup_stm32h743xx.o(.text)
    WWDG_IRQHandler                          0x0810001b   Thumb Code     0  startup_stm32h743xx.o(.text)
    __aeabi_d2lz                             0x08100025   Thumb Code    74  dfixl.o(.text)
    __aeabi_uidiv                            0x0810006f   Thumb Code     0  uidiv.o(.text)
    __aeabi_uidivmod                         0x0810006f   Thumb Code    44  uidiv.o(.text)
    __aeabi_llsr                             0x0810009b   Thumb Code    32  llushr.o(.text)
    _ll_ushift_r                             0x0810009b   Thumb Code     0  llushr.o(.text)
    _float_round                             0x081000bb   Thumb Code    18  fepilogue.o(.text)
    _float_epilogue                          0x081000cd   Thumb Code    92  fepilogue.o(.text)
    __aeabi_dadd                             0x08100129   Thumb Code   322  dadd.o(.text)
    __aeabi_dsub                             0x0810026b   Thumb Code     6  dadd.o(.text)
    __aeabi_drsub                            0x08100271   Thumb Code     6  dadd.o(.text)
    __aeabi_ddiv                             0x08100277   Thumb Code   222  ddiv.o(.text)
    __ARM_scalbn                             0x08100355   Thumb Code    46  dscalb.o(.text)
    scalbn                                   0x08100355   Thumb Code     0  dscalb.o(.text)
    __aeabi_cdrcmple                         0x08100385   Thumb Code    48  cdrcmple.o(.text)
    BusFault_Handler                         0x081003b5   Thumb Code     2  stm32h7xx_it.o(i.BusFault_Handler)
    DebugMon_Handler                         0x081003b7   Thumb Code     2  stm32h7xx_it.o(i.DebugMon_Handler)
    FDCAN1_Send_Msg                          0x081003b9   Thumb Code    46  fdcan.o(i.FDCAN1_Send_Msg)
    HAL_DMA_Abort_IT                         0x081003ed   Thumb Code   138  stm32h7xx_hal_dma.o(i.HAL_DMA_Abort_IT)
    HAL_FDCAN_ActivateNotification           0x08100481   Thumb Code   128  stm32h7xx_hal_fdcan.o(i.HAL_FDCAN_ActivateNotification)
    HAL_FDCAN_ClockCalibrationCallback       0x08100509   Thumb Code     2  stm32h7xx_hal_fdcan.o(i.HAL_FDCAN_ClockCalibrationCallback)
    HAL_FDCAN_ConfigFilter                   0x0810050b   Thumb Code   130  stm32h7xx_hal_fdcan.o(i.HAL_FDCAN_ConfigFilter)
    HAL_FDCAN_HighPriorityMessageCallback    0x0810058d   Thumb Code     2  stm32h7xx_hal_fdcan.o(i.HAL_FDCAN_HighPriorityMessageCallback)
    HAL_FDCAN_IRQHandler                     0x08100591   Thumb Code   946  stm32h7xx_hal_fdcan.o(i.HAL_FDCAN_IRQHandler)
    HAL_FDCAN_Init                           0x08100951   Thumb Code   526  stm32h7xx_hal_fdcan.o(i.HAL_FDCAN_Init)
    HAL_FDCAN_MspDeInit                      0x08100b69   Thumb Code    24  fdcan.o(i.HAL_FDCAN_MspDeInit)
    HAL_FDCAN_MspInit                        0x08100b85   Thumb Code   104  fdcan.o(i.HAL_FDCAN_MspInit)
    HAL_FDCAN_RxFifo0Callback                0x08100bf5   Thumb Code    98  fdcan.o(i.HAL_FDCAN_RxFifo0Callback)
    HAL_FDCAN_RxFifo1Callback                0x08100c5d   Thumb Code     2  stm32h7xx_hal_fdcan.o(i.HAL_FDCAN_RxFifo1Callback)
    HAL_FDCAN_TT_ScheduleSyncCallback        0x08100c5f   Thumb Code     2  stm32h7xx_hal_fdcan.o(i.HAL_FDCAN_TT_ScheduleSyncCallback)
    HAL_FDCAN_TT_TimeMarkCallback            0x08100c61   Thumb Code     2  stm32h7xx_hal_fdcan.o(i.HAL_FDCAN_TT_TimeMarkCallback)
    HAL_FDCAN_TimestampWraparoundCallback    0x08100c63   Thumb Code     2  stm32h7xx_hal_fdcan.o(i.HAL_FDCAN_TimestampWraparoundCallback)
    HAL_FDCAN_TxBufferCompleteCallback       0x08100c65   Thumb Code     2  stm32h7xx_hal_fdcan.o(i.HAL_FDCAN_TxBufferCompleteCallback)
    HAL_FDCAN_TxFifoEmptyCallback            0x08100c67   Thumb Code     2  stm32h7xx_hal_fdcan.o(i.HAL_FDCAN_TxFifoEmptyCallback)
    HAL_GPIO_Init                            0x08100c69   Thumb Code   438  stm32h7xx_hal_gpio.o(i.HAL_GPIO_Init)
    HAL_GPIO_ReadPin                         0x08100e51   Thumb Code    10  stm32h7xx_hal_gpio.o(i.HAL_GPIO_ReadPin)
    HAL_GPIO_TogglePin                       0x08100e5b   Thumb Code     8  stm32h7xx_hal_gpio.o(i.HAL_GPIO_TogglePin)
    HAL_IncTick                              0x08100e65   Thumb Code    12  stm32h7xx_hal.o(i.HAL_IncTick)
    HAL_Init                                 0x08100e75   Thumb Code    28  stm32h7xx_hal.o(i.HAL_Init)
    HAL_MspInit                              0x08100e91   Thumb Code     2  stm32h7xx_hal_msp.o(i.HAL_MspInit)
    HAL_NVIC_SetPriority                     0x08100e95   Thumb Code    60  stm32h7xx_hal_cortex.o(i.HAL_NVIC_SetPriority)
    HAL_NVIC_SetPriorityGrouping             0x08100ed5   Thumb Code    26  stm32h7xx_hal_cortex.o(i.HAL_NVIC_SetPriorityGrouping)
    HAL_RCCEx_GetPLL2ClockFreq               0x08100ef9   Thumb Code   220  stm32h7xx_hal_rcc_ex.o(i.HAL_RCCEx_GetPLL2ClockFreq)
    HAL_RCC_GetHCLKFreq                      0x08100ff5   Thumb Code    38  stm32h7xx_hal_rcc.o(i.HAL_RCC_GetHCLKFreq)
    HAL_RCC_GetPCLK2Freq                     0x08101029   Thumb Code    36  stm32h7xx_hal_rcc.o(i.HAL_RCC_GetPCLK2Freq)
    HAL_RCC_GetSysClockFreq                  0x08101055   Thumb Code   214  stm32h7xx_hal_rcc.o(i.HAL_RCC_GetSysClockFreq)
    HAL_SYSTICK_CLKSourceConfig              0x0810114d   Thumb Code    24  stm32h7xx_hal_cortex.o(i.HAL_SYSTICK_CLKSourceConfig)
    HAL_TIMEx_BreakCallback                  0x08101165   Thumb Code     2  stm32h7xx_hal_tim_ex.o(i.HAL_TIMEx_BreakCallback)
    HAL_TIM_Base_Init                        0x08101167   Thumb Code    54  stm32h7xx_hal_tim.o(i.HAL_TIM_Base_Init)
    HAL_TIM_IC_CaptureCallback               0x0810119d   Thumb Code     2  stm32h7xx_hal_tim.o(i.HAL_TIM_IC_CaptureCallback)
    HAL_TIM_IRQHandler                       0x0810119f   Thumb Code   384  stm32h7xx_hal_tim.o(i.HAL_TIM_IRQHandler)
    HAL_TIM_PWM_PulseFinishedCallback        0x0810131f   Thumb Code     2  stm32h7xx_hal_tim.o(i.HAL_TIM_PWM_PulseFinishedCallback)
    HAL_TIM_PeriodElapsedCallback            0x08101321   Thumb Code    42  timer.o(i.HAL_TIM_PeriodElapsedCallback)
    HAL_UART_GetState                        0x0810135d   Thumb Code    12  stm32h7xx_hal_uart.o(i.HAL_UART_GetState)
    HAL_UART_Init                            0x08101369   Thumb Code   106  stm32h7xx_hal_uart.o(i.HAL_UART_Init)
    HAL_UART_TxCpltCallback                  0x081013d3   Thumb Code     2  stm32h7xx_hal_uart.o(i.HAL_UART_TxCpltCallback)
    KEY_Init                                 0x081013d5   Thumb Code    52  key.o(i.KEY_Init)
    KEY_Scan                                 0x08101411   Thumb Code   134  key.o(i.KEY_Scan)
    LED_Init                                 0x0810149d   Thumb Code    82  led.o(i.LED_Init)
    NMI_Handler                              0x081014f9   Thumb Code     2  stm32h7xx_it.o(i.NMI_Handler)
    SVC_Handler                              0x081015ed   Thumb Code     2  stm32h7xx_it.o(i.SVC_Handler)
    Stm32_Clock_Init                         0x081015f1   Thumb Code   160  sys.o(i.Stm32_Clock_Init)
    TIM3_IRQHandler                          0x08101699   Thumb Code     6  timer.o(i.TIM3_IRQHandler)
    TIM3_Init                                0x081016a5   Thumb Code    34  timer.o(i.TIM3_Init)
    TIM_Base_SetConfig                       0x081016d1   Thumb Code   160  stm32h7xx_hal_tim.o(i.TIM_Base_SetConfig)
    UART_CheckIdleState                      0x08101791   Thumb Code    92  stm32h7xx_hal_uart.o(i.UART_CheckIdleState)
    UART_SetConfig                           0x08101879   Thumb Code  1186  stm32h7xx_hal_uart.o(i.UART_SetConfig)
    UART_WaitOnFlagUntilTimeout              0x08101d21   Thumb Code    98  stm32h7xx_hal_uart.o(i.UART_WaitOnFlagUntilTimeout)
    USART1_IRQHandler                        0x08101d85   Thumb Code    56  usart.o(i.USART1_IRQHandler)
    __0printf                                0x08101dc9   Thumb Code    22  printfa.o(i.__0printf)
    __1printf                                0x08101dc9   Thumb Code     0  printfa.o(i.__0printf)
    __2printf                                0x08101dc9   Thumb Code     0  printfa.o(i.__0printf)
    __c89printf                              0x08101dc9   Thumb Code     0  printfa.o(i.__0printf)
    printf                                   0x08101dc9   Thumb Code     0  printfa.o(i.__0printf)
    __ARM_fpclassify                         0x08101de9   Thumb Code    48  fpclassify.o(i.__ARM_fpclassify)
    __hardfp_pow                             0x08101e39   Thumb Code  2140  pow.o(i.__hardfp_pow)
    __mathlib_dbl_invalid                    0x08102731   Thumb Code    10  dunder.o(i.__mathlib_dbl_invalid)
    __mathlib_dbl_underflow                  0x08102749   Thumb Code    10  dunder.o(i.__mathlib_dbl_underflow)
    delay_init                               0x08102fe5   Thumb Code    16  delay.o(i.delay_init)
    get_position                             0x08102ff9   Thumb Code    40  lkmotor.o(i.get_position)
    __mathlib_zero                           0x081030e8   Data           8  qnan.o(.constdata)
    flag                                     0x24000000   Data           1  main.o(.data)
    SystemCoreClock                          0x24000004   Data           4  system_stm32h7xx.o(.data)
    SystemD2Clock                            0x24000008   Data           4  system_stm32h7xx.o(.data)
    aRxBuffer                                0x24000010   Data           1  usart.o(.data)
    USART_RX_STA                             0x24000012   Data           2  usart.o(.data)
    __stdout                                 0x24000014   Data           4  usart.o(.data)
    i                                        0x24000024   Data           4  timer.o(.data)
    motorinfo                                0x24000030   Data          96  main.o(.bss)
    USART_RX_BUF                             0x24000090   Data         200  usart.o(.bss)
    UART1_Handler                            0x24000158   Data         128  usart.o(.bss)
    FDCAN1_Handler                           0x240001d8   Data         156  fdcan.o(.bss)
    FDCAN1_RxHeader                          0x24000274   Data          40  fdcan.o(.bss)
    FDCAN1_TxHeader                          0x2400029c   Data          36  fdcan.o(.bss)
    TIM3_Handler                             0x240002c0   Data          64  timer.o(.bss)
    __initial_sp                             0x24000700   Data           0  startup_stm32h743xx.o(STACK)



==============================================================================

Memory Map of the image

  Image Entry point : 0x08000299

  Load Region LR_IROM1 (Base: 0x08000000, Size: 0x00003158, Max: 0x00100000, ABSOLUTE)

    Execution Region ER_IROM1 (Base: 0x08000000, Size: 0x0000312c, Max: 0x00100000, ABSOLUTE)

    Base Addr    Size         Type   Attr      Idx    E Section Name        Object

    0x08000000   0x00000298   Data   RO          497    RESET               startup_stm32h743xx.o
    0x08000298   0x00000000   Code   RO         5645  * .ARM.Collect$$$$00000000  mc_w.l(entry.o)
    0x08000298   0x00000004   Code   RO         5944    .ARM.Collect$$$$00000001  mc_w.l(entry2.o)
    0x0800029c   0x00000004   Code   RO         5947    .ARM.Collect$$$$00000004  mc_w.l(entry5.o)
    0x080002a0   0x00000000   Code   RO         5949    .ARM.Collect$$$$00000008  mc_w.l(entry7b.o)
    0x080002a0   0x00000000   Code   RO         5951    .ARM.Collect$$$$0000000A  mc_w.l(entry8b.o)
    0x080002a0   0x00000008   Code   RO         5952    .ARM.Collect$$$$0000000B  mc_w.l(entry9a.o)
    0x080002a8   0x00000000   Code   RO         5954    .ARM.Collect$$$$0000000D  mc_w.l(entry10a.o)
    0x080002a8   0x00000000   Code   RO         5956    .ARM.Collect$$$$0000000F  mc_w.l(entry11a.o)
    0x080002a8   0x00000004   Code   RO         5945    .ARM.Collect$$$$00002712  mc_w.l(entry2.o)
    0x080002ac   0x00000062   Code   RO         5648    .text               mc_w.l(uldiv.o)
    0x0800030e   0x0000002c   Code   RO         5915    .text               mf_w.l(ffltl.o)
    0x0800033a   0x0000001e   Code   RO         5960    .text               mc_w.l(llshl.o)
    0x08000358   0x00000000   Code   RO         5971    .text               mc_w.l(iusefp.o)
    0x08000358   0x000000e4   Code   RO         5976    .text               mf_w.l(dmul.o)
    0x0800043c   0x00000030   Code   RO         5982    .text               mf_w.l(dfixul.o)
    0x0800046c   0x00000024   Code   RO         5986    .text               mc_w.l(init.o)
    0x08000490   0x00000024   Code   RO         5988    .text               mc_w.l(llsshr.o)
    0x080004b4   0x000000ba   Code   RO         5990    .text               mf_w.l(depilogue.o)
    0x0800056e   0x00000002   PAD
    0x08000570   0x00000088   Code   RO          548    i.Cache_Enable      sys.o
    0x080005f8   0x0000000c   Code   RO         5375    i.FDCAN1_IT0_IRQHandler  fdcan.o
    0x08000604   0x00000094   Code   RO         5376    i.FDCAN1_Mode_Init  fdcan.o
    0x08000698   0x000001f0   Code   RO         4727    i.FDCAN_CalcultateRamBlockAddresses  stm32h7xx_hal_fdcan.o
    0x08000888   0x0000006c   Code   RO         4728    i.FDCAN_CopyMessageToRAM  stm32h7xx_hal_fdcan.o
    0x080008f4   0x00000010   Code   RO          683    i.HAL_EnableCompensationCell  stm32h7xx_hal.o
    0x08000904   0x00000058   Code   RO         4732    i.HAL_FDCAN_AddMessageToTxFifoQ  stm32h7xx_hal_fdcan.o
    0x0800095c   0x00000020   Code   RO         4745    i.HAL_FDCAN_DeInit  stm32h7xx_hal_fdcan.o
    0x0800097c   0x00000002   Code   RO         4755    i.HAL_FDCAN_ErrorCallback  stm32h7xx_hal_fdcan.o
    0x0800097e   0x00000002   PAD
    0x08000980   0x00000140   Code   RO         4765    i.HAL_FDCAN_GetRxMessage  stm32h7xx_hal_fdcan.o
    0x08000ac0   0x00000002   Code   RO         4782    i.HAL_FDCAN_RxBufferNewMessageCallback  stm32h7xx_hal_fdcan.o
    0x08000ac2   0x00000032   Code   RO         4785    i.HAL_FDCAN_Start   stm32h7xx_hal_fdcan.o
    0x08000af4   0x0000005c   Code   RO         4786    i.HAL_FDCAN_Stop    stm32h7xx_hal_fdcan.o
    0x08000b50   0x00000002   Code   RO         4807    i.HAL_FDCAN_TT_GlobalTimeCallback  stm32h7xx_hal_fdcan.o
    0x08000b52   0x00000002   Code   RO         4813    i.HAL_FDCAN_TT_StopWatchCallback  stm32h7xx_hal_fdcan.o
    0x08000b54   0x00000002   Code   RO         4815    i.HAL_FDCAN_TimeoutOccurredCallback  stm32h7xx_hal_fdcan.o
    0x08000b56   0x00000002   Code   RO         4817    i.HAL_FDCAN_TxBufferAbortCallback  stm32h7xx_hal_fdcan.o
    0x08000b58   0x00000002   Code   RO         4819    i.HAL_FDCAN_TxEventFifoCallback  stm32h7xx_hal_fdcan.o
    0x08000b5a   0x0000000a   Code   RO         1332    i.HAL_GPIO_WritePin  stm32h7xx_hal_gpio.o
    0x08000b64   0x0000000c   Code   RO          690    i.HAL_GetTick       stm32h7xx_hal.o
    0x08000b70   0x00000040   Code   RO          695    i.HAL_InitTick      stm32h7xx_hal.o
    0x08000bb0   0x00000022   Code   RO          990    i.HAL_NVIC_DisableIRQ  stm32h7xx_hal_cortex.o
    0x08000bd2   0x0000001a   Code   RO          991    i.HAL_NVIC_EnableIRQ  stm32h7xx_hal_cortex.o
    0x08000bec   0x00000034   Code   RO         2033    i.HAL_RCCEx_GetD1SysClockFreq  stm32h7xx_hal_rcc_ex.o
    0x08000c20   0x0000002c   Code   RO         2034    i.HAL_RCCEx_GetD3PCLK1Freq  stm32h7xx_hal_rcc_ex.o
    0x08000c4c   0x000000fc   Code   RO         2037    i.HAL_RCCEx_GetPLL3ClockFreq  stm32h7xx_hal_rcc_ex.o
    0x08000d48   0x000008b0   Code   RO         2041    i.HAL_RCCEx_PeriphCLKConfig  stm32h7xx_hal_rcc_ex.o
    0x080015f8   0x000001d8   Code   RO         1922    i.HAL_RCC_ClockConfig  stm32h7xx_hal_rcc.o
    0x080017d0   0x0000002c   Code   RO         1928    i.HAL_RCC_GetPCLK1Freq  stm32h7xx_hal_rcc.o
    0x080017fc   0x0000049c   Code   RO         1933    i.HAL_RCC_OscConfig  stm32h7xx_hal_rcc.o
    0x08001c98   0x00000028   Code   RO         1002    i.HAL_SYSTICK_Config  stm32h7xx_hal_cortex.o
    0x08001cc0   0x00000002   Code   RO         3518    i.HAL_TIMEx_CommutationCallback  stm32h7xx_hal_tim_ex.o
    0x08001cc2   0x00000002   PAD
    0x08001cc4   0x0000003c   Code   RO         5568    i.HAL_TIM_Base_MspInit  timer.o
    0x08001d00   0x00000018   Code   RO         2876    i.HAL_TIM_Base_Start_IT  stm32h7xx_hal_tim.o
    0x08001d18   0x00000002   Code   RO         2916    i.HAL_TIM_OC_DelayElapsedCallback  stm32h7xx_hal_tim.o
    0x08001d1a   0x00000002   Code   RO         2954    i.HAL_TIM_TriggerCallback  stm32h7xx_hal_tim.o
    0x08001d1c   0x00000002   Code   RO         2551    i.HAL_UARTEx_WakeupCallback  stm32h7xx_hal_uart_ex.o
    0x08001d1e   0x00000002   Code   RO         2213    i.HAL_UART_ErrorCallback  stm32h7xx_hal_uart.o
    0x08001d20   0x00000180   Code   RO         2216    i.HAL_UART_IRQHandler  stm32h7xx_hal_uart.o
    0x08001ea0   0x00000080   Code   RO          601    i.HAL_UART_MspInit  usart.o
    0x08001f20   0x000000a6   Code   RO         2222    i.HAL_UART_Receive_IT  stm32h7xx_hal_uart.o
    0x08001fc6   0x00000002   PAD
    0x08001fc8   0x00000058   Code   RO          602    i.HAL_UART_RxCpltCallback  usart.o
    0x08002020   0x00000002   Code   RO          347    i.HardFault_Handler  stm32h7xx_it.o
    0x08002022   0x00000002   Code   RO          349    i.PendSV_Handler    stm32h7xx_it.o
    0x08002024   0x000000f0   Code   RO         2044    i.RCCEx_PLL2_Config  stm32h7xx_hal_rcc_ex.o
    0x08002114   0x00000004   Code   RO          351    i.SysTick_Handler   stm32h7xx_it.o
    0x08002118   0x00000084   Code   RO          423    i.SystemInit        system_stm32h7xx.o
    0x0800219c   0x000000c8   Code   RO         2230    i.UART_AdvFeatureConfig  stm32h7xx_hal_uart.o
    0x08002264   0x0000001c   Code   RO         2242    i.UART_EndRxTransfer  stm32h7xx_hal_uart.o
    0x08002280   0x00000074   Code   RO         2246    i.UART_Transmit_IT  stm32h7xx_hal_uart.o
    0x080022f4   0x00000002   Code   RO          352    i.UsageFault_Handler  stm32h7xx_it.o
    0x080022f6   0x00000066   Code   RO         5633    i.__hardfp_sqrt     m_wv.l(sqrt.o)
    0x0800235c   0x00000070   Code   RO         5941    i.__kernel_poly     m_wv.l(poly.o)
    0x080023cc   0x00000004   PAD
    0x080023d0   0x00000020   Code   RO         5919    i.__mathlib_dbl_divzero  m_wv.l(dunder.o)
    0x080023f0   0x00000006   Code   RO         5921    i.__mathlib_dbl_infnan2  m_wv.l(dunder.o)
    0x080023f6   0x00000002   PAD
    0x080023f8   0x00000018   Code   RO         5923    i.__mathlib_dbl_overflow  m_wv.l(dunder.o)
    0x08002410   0x0000000e   Code   RO         5994    i.__scatterload_copy  mc_w.l(handlers.o)
    0x0800241e   0x00000002   Code   RO         5995    i.__scatterload_null  mc_w.l(handlers.o)
    0x08002420   0x0000000e   Code   RO         5996    i.__scatterload_zeroinit  mc_w.l(handlers.o)
    0x0800242e   0x00000002   PAD
    0x08002430   0x0000000c   Code   RO         5966    i.__set_errno       mc_w.l(errno.o)
    0x0800243c   0x0000002e   Code   RO         5897    i._printf_pre_padding  mc_w.l(printfa.o)
    0x0800246a   0x0000003e   Code   RO         5447    i.closed_loop_position  lkmotor.o
    0x080024a8   0x0000001a   Code   RO          506    i.delay_ms          delay.o
    0x080024c2   0x00000002   PAD
    0x080024c4   0x00000034   Code   RO          507    i.delay_us          delay.o
    0x080024f8   0x00000018   Code   RO         5935    i.fabs              m_wv.l(fabs.o)
    0x08002510   0x00000014   Code   RO          605    i.fputc             usart.o
    0x08002524   0x00000174   Code   RO         5540    i.get_cable_length  kinematics.o
    0x08002698   0x00000688   Code   RO            4    i.main              main.o
    0x08002d20   0x00000234   Code   RO         5453    i.print_motor_msg   lkmotor.o
    0x08002f54   0x00000088   Code   RO         5454    i.read_position     lkmotor.o
    0x08002fdc   0x00000028   Code   RO         5455    i.read_status_1     lkmotor.o
    0x08003004   0x00000024   Code   RO         5456    i.read_status_2     lkmotor.o
    0x08003028   0x0000006a   Code   RO         5635    i.sqrt              m_wv.l(sqrt.o)
    0x08003092   0x00000002   PAD
    0x08003094   0x00000038   Code   RO          606    i.uart_init         usart.o
    0x080030cc   0x00000030   Data   RO            6    .constdata          main.o
    0x080030fc   0x00000010   Data   RO          424    .constdata          system_stm32h7xx.o
    0x0800310c   0x00000020   Data   RO         5992    Region$$Table       anon$$obj.o


    Execution Region RW_IRAM1 (Base: 0x20000000, Size: 0x00000000, Max: 0x00020000, ABSOLUTE)

    **** No section assigned to this execution region ****


    Execution Region RW_IRAM2 (Base: 0x24000000, Size: 0x00000700, Max: 0x00080000, ABSOLUTE)

    Base Addr    Size         Type   Attr      Idx    E Section Name        Object

    0x24000000   0x00000001   Data   RW            7    .data               main.o
    0x24000001   0x00000003   PAD
    0x24000004   0x00000004   Data   RW          425    .data               system_stm32h7xx.o
    0x24000008   0x00000004   Data   RW          426    .data               system_stm32h7xx.o
    0x2400000c   0x00000004   Data   RW          508    .data               delay.o
    0x24000010   0x00000004   Data   RW          608    .data               usart.o
    0x24000014   0x00000004   Data   RW          609    .data               usart.o
    0x24000018   0x0000000c   Data   RW          716    .data               stm32h7xx_hal.o
    0x24000024   0x00000004   Data   RW         5573    .data               timer.o
    0x24000028   0x00000004   Data   RW         5967    .data               mc_w.l(errno.o)
    0x2400002c   0x00000004   PAD
    0x24000030   0x00000060   Zero   RW            5    .bss                main.o
    0x24000090   0x00000148   Zero   RW          607    .bss                usart.o
    0x240001d8   0x000000e8   Zero   RW         5382    .bss                fdcan.o
    0x240002c0   0x00000040   Zero   RW         5572    .bss                timer.o
    0x24000300   0x00000400   Zero   RW          495    STACK               startup_stm32h743xx.o



  Load Region LR_IROM2 (Base: 0x08100000, Size: 0x000030f0, Max: 0x00100000, ABSOLUTE)

    Execution Region ER_IROM2 (Base: 0x08100000, Size: 0x000030f0, Max: 0x00100000, ABSOLUTE)

    Base Addr    Size         Type   Attr      Idx    E Section Name        Object

    0x08100000   0x00000024   Code   RO          498    .text               startup_stm32h743xx.o
    0x08100024   0x0000004a   Code   RO         5917    .text               mf_w.l(dfixl.o)
    0x0810006e   0x0000002c   Code   RO         5958    .text               mc_w.l(uidiv.o)
    0x0810009a   0x00000020   Code   RO         5962    .text               mc_w.l(llushr.o)
    0x081000ba   0x0000006e   Code   RO         5972    .text               mf_w.l(fepilogue.o)
    0x08100128   0x0000014e   Code   RO         5974    .text               mf_w.l(dadd.o)
    0x08100276   0x000000de   Code   RO         5978    .text               mf_w.l(ddiv.o)
    0x08100354   0x0000002e   Code   RO         5980    .text               mf_w.l(dscalb.o)
    0x08100382   0x00000002   PAD
    0x08100384   0x00000030   Code   RO         5984    .text               mf_w.l(cdrcmple.o)
    0x081003b4   0x00000002   Code   RO          345    i.BusFault_Handler  stm32h7xx_it.o
    0x081003b6   0x00000002   Code   RO          346    i.DebugMon_Handler  stm32h7xx_it.o
    0x081003b8   0x00000034   Code   RO         5378    i.FDCAN1_Send_Msg   fdcan.o
    0x081003ec   0x00000094   Code   RO         1136    i.HAL_DMA_Abort_IT  stm32h7xx_hal_dma.o
    0x08100480   0x00000088   Code   RO         4730    i.HAL_FDCAN_ActivateNotification  stm32h7xx_hal_fdcan.o
    0x08100508   0x00000002   Code   RO         4733    i.HAL_FDCAN_ClockCalibrationCallback  stm32h7xx_hal_fdcan.o
    0x0810050a   0x00000082   Code   RO         4737    i.HAL_FDCAN_ConfigFilter  stm32h7xx_hal_fdcan.o
    0x0810058c   0x00000002   Code   RO         4771    i.HAL_FDCAN_HighPriorityMessageCallback  stm32h7xx_hal_fdcan.o
    0x0810058e   0x00000002   PAD
    0x08100590   0x000003c0   Code   RO         4772    i.HAL_FDCAN_IRQHandler  stm32h7xx_hal_fdcan.o
    0x08100950   0x00000218   Code   RO         4773    i.HAL_FDCAN_Init    stm32h7xx_hal_fdcan.o
    0x08100b68   0x0000001c   Code   RO         5379    i.HAL_FDCAN_MspDeInit  fdcan.o
    0x08100b84   0x00000070   Code   RO         5380    i.HAL_FDCAN_MspInit  fdcan.o
    0x08100bf4   0x00000068   Code   RO         5381    i.HAL_FDCAN_RxFifo0Callback  fdcan.o
    0x08100c5c   0x00000002   Code   RO         4784    i.HAL_FDCAN_RxFifo1Callback  stm32h7xx_hal_fdcan.o
    0x08100c5e   0x00000002   Code   RO         4808    i.HAL_FDCAN_TT_ScheduleSyncCallback  stm32h7xx_hal_fdcan.o
    0x08100c60   0x00000002   Code   RO         4814    i.HAL_FDCAN_TT_TimeMarkCallback  stm32h7xx_hal_fdcan.o
    0x08100c62   0x00000002   Code   RO         4816    i.HAL_FDCAN_TimestampWraparoundCallback  stm32h7xx_hal_fdcan.o
    0x08100c64   0x00000002   Code   RO         4818    i.HAL_FDCAN_TxBufferCompleteCallback  stm32h7xx_hal_fdcan.o
    0x08100c66   0x00000002   Code   RO         4820    i.HAL_FDCAN_TxFifoEmptyCallback  stm32h7xx_hal_fdcan.o
    0x08100c68   0x000001e8   Code   RO         1328    i.HAL_GPIO_Init     stm32h7xx_hal_gpio.o
    0x08100e50   0x0000000a   Code   RO         1330    i.HAL_GPIO_ReadPin  stm32h7xx_hal_gpio.o
    0x08100e5a   0x00000008   Code   RO         1331    i.HAL_GPIO_TogglePin  stm32h7xx_hal_gpio.o
    0x08100e62   0x00000002   PAD
    0x08100e64   0x00000010   Code   RO          693    i.HAL_IncTick       stm32h7xx_hal.o
    0x08100e74   0x0000001c   Code   RO          694    i.HAL_Init          stm32h7xx_hal.o
    0x08100e90   0x00000002   Code   RO          465    i.HAL_MspInit       stm32h7xx_hal_msp.o
    0x08100e92   0x00000002   PAD
    0x08100e94   0x00000040   Code   RO          997    i.HAL_NVIC_SetPriority  stm32h7xx_hal_cortex.o
    0x08100ed4   0x00000024   Code   RO          998    i.HAL_NVIC_SetPriorityGrouping  stm32h7xx_hal_cortex.o
    0x08100ef8   0x000000fc   Code   RO         2036    i.HAL_RCCEx_GetPLL2ClockFreq  stm32h7xx_hal_rcc_ex.o
    0x08100ff4   0x00000034   Code   RO         1926    i.HAL_RCC_GetHCLKFreq  stm32h7xx_hal_rcc.o
    0x08101028   0x0000002c   Code   RO         1929    i.HAL_RCC_GetPCLK2Freq  stm32h7xx_hal_rcc.o
    0x08101054   0x000000f8   Code   RO         1930    i.HAL_RCC_GetSysClockFreq  stm32h7xx_hal_rcc.o
    0x0810114c   0x00000018   Code   RO         1000    i.HAL_SYSTICK_CLKSourceConfig  stm32h7xx_hal_cortex.o
    0x08101164   0x00000002   Code   RO         3517    i.HAL_TIMEx_BreakCallback  stm32h7xx_hal_tim_ex.o
    0x08101166   0x00000036   Code   RO         2871    i.HAL_TIM_Base_Init  stm32h7xx_hal_tim.o
    0x0810119c   0x00000002   Code   RO         2900    i.HAL_TIM_IC_CaptureCallback  stm32h7xx_hal_tim.o
    0x0810119e   0x00000180   Code   RO         2913    i.HAL_TIM_IRQHandler  stm32h7xx_hal_tim.o
    0x0810131e   0x00000002   Code   RO         2943    i.HAL_TIM_PWM_PulseFinishedCallback  stm32h7xx_hal_tim.o
    0x08101320   0x0000003c   Code   RO         5569    i.HAL_TIM_PeriodElapsedCallback  timer.o
    0x0810135c   0x0000000c   Code   RO         2215    i.HAL_UART_GetState  stm32h7xx_hal_uart.o
    0x08101368   0x0000006a   Code   RO         2217    i.HAL_UART_Init     stm32h7xx_hal_uart.o
    0x081013d2   0x00000002   Code   RO         2228    i.HAL_UART_TxCpltCallback  stm32h7xx_hal_uart.o
    0x081013d4   0x0000003c   Code   RO         5341    i.KEY_Init          key.o
    0x08101410   0x0000008c   Code   RO         5342    i.KEY_Scan          key.o
    0x0810149c   0x0000005c   Code   RO         5313    i.LED_Init          led.o
    0x081014f8   0x00000002   Code   RO          348    i.NMI_Handler       stm32h7xx_it.o
    0x081014fa   0x00000002   PAD
    0x081014fc   0x000000f0   Code   RO         2045    i.RCCEx_PLL3_Config  stm32h7xx_hal_rcc_ex.o
    0x081015ec   0x00000002   Code   RO          350    i.SVC_Handler       stm32h7xx_it.o
    0x081015ee   0x00000002   PAD
    0x081015f0   0x000000a8   Code   RO          551    i.Stm32_Clock_Init  sys.o
    0x08101698   0x0000000c   Code   RO         5570    i.TIM3_IRQHandler   timer.o
    0x081016a4   0x0000002c   Code   RO         5571    i.TIM3_Init         timer.o
    0x081016d0   0x000000c0   Code   RO         2955    i.TIM_Base_SetConfig  stm32h7xx_hal_tim.o
    0x08101790   0x0000005c   Code   RO         2231    i.UART_CheckIdleState  stm32h7xx_hal_uart.o
    0x081017ec   0x00000014   Code   RO         2232    i.UART_DMAAbortOnError  stm32h7xx_hal_uart.o
    0x08101800   0x00000076   Code   RO         2244    i.UART_Receive_IT   stm32h7xx_hal_uart.o
    0x08101876   0x00000002   PAD
    0x08101878   0x000004a8   Code   RO         2245    i.UART_SetConfig    stm32h7xx_hal_uart.o
    0x08101d20   0x00000062   Code   RO         2247    i.UART_WaitOnFlagUntilTimeout  stm32h7xx_hal_uart.o
    0x08101d82   0x00000002   PAD
    0x08101d84   0x00000044   Code   RO          603    i.USART1_IRQHandler  usart.o
    0x08101dc8   0x00000020   Code   RO         5887    i.__0printf         mc_w.l(printfa.o)
    0x08101de8   0x00000030   Code   RO         5939    i.__ARM_fpclassify  m_wv.l(fpclassify.o)
    0x08101e18   0x00000020   Code   RO         1004    i.__NVIC_SetPriority  stm32h7xx_hal_cortex.o
    0x08101e38   0x000008f8   Code   RO         5619    i.__hardfp_pow      m_wv.l(pow.o)
    0x08102730   0x00000018   Code   RO         5922    i.__mathlib_dbl_invalid  m_wv.l(dunder.o)
    0x08102748   0x00000018   Code   RO         5925    i.__mathlib_dbl_underflow  m_wv.l(dunder.o)
    0x08102760   0x00000184   Code   RO         5894    i._fp_digits        mc_w.l(printfa.o)
    0x081028e4   0x000006dc   Code   RO         5895    i._printf_core      mc_w.l(printfa.o)
    0x08102fc0   0x00000024   Code   RO         5896    i._printf_post_padding  mc_w.l(printfa.o)
    0x08102fe4   0x00000014   Code   RO          505    i.delay_init        delay.o
    0x08102ff8   0x00000028   Code   RO         5448    i.get_position      lkmotor.o
    0x08103020   0x00000018   Data   RO         2248    .constdata          stm32h7xx_hal_uart.o
    0x08103038   0x00000023   Data   RO         4821    .constdata          stm32h7xx_hal_fdcan.o
    0x0810305b   0x00000005   PAD
    0x08103060   0x00000088   Data   RO         5622    .constdata          m_wv.l(pow.o)
    0x081030e8   0x00000008   Data   RO         5943    .constdata          m_wv.l(qnan.o)


==============================================================================

Image component sizes


      Code (inc. data)   RO Data    RW Data    ZI Data      Debug   Object Name

        98          8          0          4          0       2059   delay.o
       456         40          0          0        232       5080   fdcan.o
       200         14          0          0          0       1754   key.o
       372         24          0          0          0        719   kinematics.o
        92         10          0          0          0       1051   led.o
       878        356          0          0          0       4420   lkmotor.o
      1672        158         48          1         96    1248916   main.o
        36          8        664          0       1024        848   startup_stm32h743xx.o
       136         24          0         12          0       4215   stm32h7xx_hal.o
       256         14          0          0          0      39779   stm32h7xx_hal_cortex.o
       148         10          0          0          0       2287   stm32h7xx_hal_dma.o
      2978         52         35          0          0      23621   stm32h7xx_hal_fdcan.o
       516         50          0          0          0       4276   stm32h7xx_hal_gpio.o
         2          0          0          0          0        470   stm32h7xx_hal_msp.o
      2040        108          0          0          0       6812   stm32h7xx_hal_rcc.o
      3304        154          0          0          0       8651   stm32h7xx_hal_rcc_ex.o
       662         32          0          0          0       7129   stm32h7xx_hal_tim.o
         4          0          0          0          0       1998   stm32h7xx_hal_tim_ex.o
      2536        122         24          0          0      34072   stm32h7xx_hal_uart.o
         2          0          0          0          0       1212   stm32h7xx_hal_uart_ex.o
        18          0          0          0          0       3762   stm32h7xx_it.o
       304         18          0          0          0      36665   sys.o
       132         16         16          8          0       1382   system_stm32h7xx.o
       176         44          0          4         64       3153   timer.o
       360         56          0          8        328       5353   usart.o

    ----------------------------------------------------------------------
     17400       1318        824         40       1744    1449684   Object Totals
         0          0         32          0          0          0   (incl. Generated)
        22          0          5          3          0          0   (incl. Padding)

    ----------------------------------------------------------------------

      Code (inc. data)   RO Data    RW Data    ZI Data      Debug   Library Member Name

       110         60          0          0          0        580   dunder.o
        24          0          0          0          0        124   fabs.o
        48          0          0          0          0        124   fpclassify.o
       112          0          0          0          0        116   poly.o
      2296        304        136          0          0        320   pow.o
         0          0          8          0          0          0   qnan.o
       208          0          0          0          0        280   sqrt.o
         0          0          0          0          0          0   entry.o
         0          0          0          0          0          0   entry10a.o
         0          0          0          0          0          0   entry11a.o
         8          4          0          0          0          0   entry2.o
         4          0          0          0          0          0   entry5.o
         0          0          0          0          0          0   entry7b.o
         0          0          0          0          0          0   entry8b.o
         8          4          0          0          0          0   entry9a.o
        12          6          0          4          0         68   errno.o
        30          0          0          0          0          0   handlers.o
        36          8          0          0          0         68   init.o
         0          0          0          0          0          0   iusefp.o
        30          0          0          0          0         68   llshl.o
        36          0          0          0          0         68   llsshr.o
        32          0          0          0          0         68   llushr.o
      2258         90          0          0          0        452   printfa.o
        44          0          0          0          0         80   uidiv.o
        98          0          0          0          0         92   uldiv.o
        48          0          0          0          0         68   cdrcmple.o
       334          0          0          0          0        148   dadd.o
       222          0          0          0          0        100   ddiv.o
       186          0          0          0          0        176   depilogue.o
        74          0          0          0          0         80   dfixl.o
        48          0          0          0          0         68   dfixul.o
       228          0          0          0          0         96   dmul.o
        46          0          0          0          0         80   dscalb.o
       110          0          0          0          0        168   fepilogue.o
        44          0          0          0          0         92   ffltl.o

    ----------------------------------------------------------------------
      6748        476        144          4          4       3584   Library Totals
        14          0          0          0          4          0   (incl. Padding)

    ----------------------------------------------------------------------

      Code (inc. data)   RO Data    RW Data    ZI Data      Debug   Library Name

      2798        364        144          0          0       1544   m_wv.l
      2596        112          0          4          0        964   mc_w.l
      1340          0          0          0          0       1076   mf_w.l

    ----------------------------------------------------------------------
      6748        476        144          4          4       3584   Library Totals

    ----------------------------------------------------------------------

==============================================================================


      Code (inc. data)   RO Data    RW Data    ZI Data      Debug   

     24148       1794        968         44       1748    1439832   Grand Totals
     24148       1794        968         44       1748    1439832   ELF Image Totals
     24148       1794        968         44          0          0   ROM Totals

==============================================================================

    Total RO  Size (Code + RO Data)                25116 (  24.53kB)
    Total RW  Size (RW Data + ZI Data)              1792 (   1.75kB)
    Total ROM Size (Code + RO Data + RW Data)      25160 (  24.57kB)

==============================================================================

